// Jest Snapshot v1, https://goo.gl/fbAQLP

exports[`DISCOVERY TESTING client 12 1`] = `"{\\"event\\":{\\"header\\":{\\"namespace\\":\\"Alexa.Discovery\\",\\"name\\":\\"Discover.Response\\",\\"payloadVersion\\":\\"3\\",\\"messageId\\":\\"abc-123-def-456\\"},\\"payload\\":{\\"endpoints\\":[{\\"endpointId\\":\\"1_XiaomiGateway_Dimmer\\",\\"manufacturerName\\":\\"Xiaomi Gateway\\",\\"friendlyName\\":\\"Xiaomi Gateway - RGB\\",\\"description\\":\\"\\",\\"displayCategories\\":[\\"LIGHT\\"],\\"cookie\\":{},\\"capabilities\\":[{\\"type\\":\\"AlexaInterface\\",\\"interface\\":\\"Alexa\\",\\"version\\":\\"3\\"},{\\"interface\\":\\"Alexa.PercentageController\\",\\"version\\":\\"3\\",\\"type\\":\\"AlexaInterface\\",\\"properties\\":{\\"supported\\":[{\\"name\\":\\"percentage\\",\\"value\\":\\"78\\"}],\\"retrievable\\":true}},{\\"interface\\":\\"Alexa.PowerController\\",\\"version\\":\\"3\\",\\"type\\":\\"AlexaInterface\\",\\"properties\\":{\\"supported\\":[{\\"name\\":\\"powerState\\",\\"value\\":\\"()=> ('Off' === 'On' || 'Off' === 'Open') ? 'ON' : 'OFF'\\"}],\\"retrievable\\":true,\\"proactivelyReported\\":true}}]},{\\"endpointId\\":\\"6_XiaomiGateway_Dimmer\\",\\"manufacturerName\\":\\"Xiaomi Gateway\\",\\"friendlyName\\":\\"Xiaomi Gateway - Volume\\",\\"description\\":\\"\\",\\"displayCategories\\":[\\"LIGHT\\"],\\"cookie\\":{},\\"capabilities\\":[{\\"type\\":\\"AlexaInterface\\",\\"interface\\":\\"Alexa\\",\\"version\\":\\"3\\"},{\\"interface\\":\\"Alexa.PercentageController\\",\\"version\\":\\"3\\",\\"type\\":\\"AlexaInterface\\",\\"properties\\":{\\"supported\\":[{\\"name\\":\\"percentage\\",\\"value\\":\\"50\\"}],\\"retrievable\\":true}},{\\"interface\\":\\"Alexa.PowerController\\",\\"version\\":\\"3\\",\\"type\\":\\"AlexaInterface\\",\\"properties\\":{\\"supported\\":[{\\"name\\":\\"powerState\\",\\"value\\":\\"()=> ('Off' === 'On' || 'Off' === 'Open') ? 'ON' : 'OFF'\\"}],\\"retrievable\\":true,\\"proactivelyReported\\":true}}]},{\\"endpointId\\":\\"30_XiaomiGateway_Selector\\",\\"manufacturerName\\":\\"Xiaomi Gateway\\",\\"friendlyName\\":\\"Xiaomi Cube\\",\\"description\\":\\"\\",\\"displayCategories\\":[\\"LIGHT\\"],\\"cookie\\":{},\\"capabilities\\":[{\\"type\\":\\"AlexaInterface\\",\\"interface\\":\\"Alexa\\",\\"version\\":\\"3\\"},{\\"interface\\":\\"Alexa.PercentageController\\",\\"version\\":\\"3\\",\\"type\\":\\"AlexaInterface\\",\\"properties\\":{\\"supported\\":[{\\"name\\":\\"percentage\\",\\"value\\":\\"70\\"}],\\"retrievable\\":true}},{\\"interface\\":\\"Alexa.PowerController\\",\\"version\\":\\"3\\",\\"type\\":\\"AlexaInterface\\",\\"properties\\":{\\"supported\\":[{\\"name\\":\\"powerState\\",\\"value\\":\\"()=> ('On' === 'On' || 'On' === 'Open') ? 'ON' : 'OFF'\\"}],\\"retrievable\\":true,\\"proactivelyReported\\":true}}]},{\\"endpointId\\":\\"16_KMTronic_OnOff\\",\\"manufacturerName\\":\\"KMTronic\\",\\"friendlyName\\":\\"VMC\\",\\"description\\":\\"\\",\\"displayCategories\\":[\\"SWITCH\\"],\\"cookie\\":{},\\"capabilities\\":[{\\"type\\":\\"AlexaInterface\\",\\"interface\\":\\"Alexa\\",\\"version\\":\\"3\\"},{\\"interface\\":\\"Alexa.PowerController\\",\\"version\\":\\"3\\",\\"type\\":\\"AlexaInterface\\",\\"properties\\":{\\"supported\\":[{\\"name\\":\\"powerState\\",\\"value\\":\\"()=> ('Off' === 'On' || 'Off' === 'Open') ? 'ON' : 'OFF'\\"}],\\"retrievable\\":true,\\"proactivelyReported\\":true}}]},{\\"endpointId\\":\\"17_KMTronic_OnOff\\",\\"manufacturerName\\":\\"KMTronic\\",\\"friendlyName\\":\\"VMC - Bypass\\",\\"description\\":\\"\\",\\"displayCategories\\":[\\"SWITCH\\"],\\"cookie\\":{},\\"capabilities\\":[{\\"type\\":\\"AlexaInterface\\",\\"interface\\":\\"Alexa\\",\\"version\\":\\"3\\"},{\\"interface\\":\\"Alexa.PowerController\\",\\"version\\":\\"3\\",\\"type\\":\\"AlexaInterface\\",\\"properties\\":{\\"supported\\":[{\\"name\\":\\"powerState\\",\\"value\\":\\"()=> ('Off' === 'On' || 'Off' === 'Open') ? 'ON' : 'OFF'\\"}],\\"retrievable\\":true,\\"proactivelyReported\\":true}}]},{\\"endpointId\\":\\"32_Virtualswitch1_OnOff\\",\\"manufacturerName\\":\\"Virtual switch 1\\",\\"friendlyName\\":\\"VMC - Mode été\\",\\"description\\":\\"\\",\\"displayCategories\\":[\\"SWITCH\\"],\\"cookie\\":{},\\"capabilities\\":[{\\"type\\":\\"AlexaInterface\\",\\"interface\\":\\"Alexa\\",\\"version\\":\\"3\\"},{\\"interface\\":\\"Alexa.PowerController\\",\\"version\\":\\"3\\",\\"type\\":\\"AlexaInterface\\",\\"properties\\":{\\"supported\\":[{\\"name\\":\\"powerState\\",\\"value\\":\\"()=> ('Off' === 'On' || 'Off' === 'Open') ? 'ON' : 'OFF'\\"}],\\"retrievable\\":true,\\"proactivelyReported\\":true}}]},{\\"endpointId\\":\\"8_XiaomiGateway_Selector\\",\\"manufacturerName\\":\\"Xiaomi Gateway\\",\\"friendlyName\\":\\"Pool House - Wireless Switch\\",\\"description\\":\\"\\",\\"displayCategories\\":[\\"LIGHT\\"],\\"cookie\\":{},\\"capabilities\\":[{\\"type\\":\\"AlexaInterface\\",\\"interface\\":\\"Alexa\\",\\"version\\":\\"3\\"},{\\"interface\\":\\"Alexa.PercentageController\\",\\"version\\":\\"3\\",\\"type\\":\\"AlexaInterface\\",\\"properties\\":{\\"supported\\":[{\\"name\\":\\"percentage\\",\\"value\\":\\"0\\"}],\\"retrievable\\":true}},{\\"interface\\":\\"Alexa.PowerController\\",\\"version\\":\\"3\\",\\"type\\":\\"AlexaInterface\\",\\"properties\\":{\\"supported\\":[{\\"name\\":\\"powerState\\",\\"value\\":\\"()=> ('Off' === 'On' || 'Off' === 'Open') ? 'ON' : 'OFF'\\"}],\\"retrievable\\":true,\\"proactivelyReported\\":true}}]},{\\"endpointId\\":\\"18_KMTronic_PushOnButton\\",\\"manufacturerName\\":\\"KMTronic\\",\\"friendlyName\\":\\"Lumière entrée\\",\\"description\\":\\"\\",\\"displayCategories\\":[\\"SWITCH\\"],\\"cookie\\":{},\\"capabilities\\":[{\\"type\\":\\"AlexaInterface\\",\\"interface\\":\\"Alexa\\",\\"version\\":\\"3\\"},{\\"interface\\":\\"Alexa.PowerController\\",\\"version\\":\\"3\\",\\"type\\":\\"AlexaInterface\\",\\"properties\\":{\\"supported\\":[{\\"name\\":\\"powerState\\",\\"value\\":\\"()=> ('Off' === 'On' || 'Off' === 'Open') ? 'ON' : 'OFF'\\"}],\\"retrievable\\":true,\\"proactivelyReported\\":true}}]},{\\"endpointId\\":\\"20_KMTronic_OnOff\\",\\"manufacturerName\\":\\"KMTronic\\",\\"friendlyName\\":\\"Terrasse\\",\\"description\\":\\"\\",\\"displayCategories\\":[\\"SWITCH\\"],\\"cookie\\":{},\\"capabilities\\":[{\\"type\\":\\"AlexaInterface\\",\\"interface\\":\\"Alexa\\",\\"version\\":\\"3\\"},{\\"interface\\":\\"Alexa.PowerController\\",\\"version\\":\\"3\\",\\"type\\":\\"AlexaInterface\\",\\"properties\\":{\\"supported\\":[{\\"name\\":\\"powerState\\",\\"value\\":\\"()=> ('Off' === 'On' || 'Off' === 'Open') ? 'ON' : 'OFF'\\"}],\\"retrievable\\":true,\\"proactivelyReported\\":true}}]},{\\"endpointId\\":\\"21_KMTronic_OnOff\\",\\"manufacturerName\\":\\"KMTronic\\",\\"friendlyName\\":\\"Guirlande\\",\\"description\\":\\"\\",\\"displayCategories\\":[\\"SWITCH\\"],\\"cookie\\":{},\\"capabilities\\":[{\\"type\\":\\"AlexaInterface\\",\\"interface\\":\\"Alexa\\",\\"version\\":\\"3\\"},{\\"interface\\":\\"Alexa.PowerController\\",\\"version\\":\\"3\\",\\"type\\":\\"AlexaInterface\\",\\"properties\\":{\\"supported\\":[{\\"name\\":\\"powerState\\",\\"value\\":\\"()=> ('Off' === 'On' || 'Off' === 'Open') ? 'ON' : 'OFF'\\"}],\\"retrievable\\":true,\\"proactivelyReported\\":true}}]},{\\"endpointId\\":\\"22_KMTronic_OnOff\\",\\"manufacturerName\\":\\"KMTronic\\",\\"friendlyName\\":\\"Piscine - Filtration\\",\\"description\\":\\"\\",\\"displayCategories\\":[\\"SWITCH\\"],\\"cookie\\":{},\\"capabilities\\":[{\\"type\\":\\"AlexaInterface\\",\\"interface\\":\\"Alexa\\",\\"version\\":\\"3\\"},{\\"interface\\":\\"Alexa.PowerController\\",\\"version\\":\\"3\\",\\"type\\":\\"AlexaInterface\\",\\"properties\\":{\\"supported\\":[{\\"name\\":\\"powerState\\",\\"value\\":\\"()=> ('Off' === 'On' || 'Off' === 'Open') ? 'ON' : 'OFF'\\"}],\\"retrievable\\":true,\\"proactivelyReported\\":true}}]},{\\"endpointId\\":\\"23_KMTronic_OnOff\\",\\"manufacturerName\\":\\"KMTronic\\",\\"friendlyName\\":\\"Piscine\\",\\"description\\":\\"\\",\\"displayCategories\\":[\\"SWITCH\\"],\\"cookie\\":{},\\"capabilities\\":[{\\"type\\":\\"AlexaInterface\\",\\"interface\\":\\"Alexa\\",\\"version\\":\\"3\\"},{\\"interface\\":\\"Alexa.PowerController\\",\\"version\\":\\"3\\",\\"type\\":\\"AlexaInterface\\",\\"properties\\":{\\"supported\\":[{\\"name\\":\\"powerState\\",\\"value\\":\\"()=> ('Off' === 'On' || 'Off' === 'Open') ? 'ON' : 'OFF'\\"}],\\"retrievable\\":true,\\"proactivelyReported\\":true}}]},{\\"endpointId\\":\\"28_XiaomiGateway_undefined\\",\\"manufacturerName\\":\\"Xiaomi Gateway\\",\\"friendlyName\\":\\"Exterieure\\",\\"description\\":\\"\\",\\"displayCategories\\":[\\"THERMOSTAT\\"],\\"cookie\\":{},\\"capabilities\\":[{\\"type\\":\\"AlexaInterface\\",\\"interface\\":\\"Alexa\\",\\"version\\":\\"3\\"},{\\"interface\\":\\"Alexa.TemperatureSensor\\",\\"version\\":\\"3\\",\\"type\\":\\"AlexaInterface\\",\\"properties\\":{\\"supported\\":[{\\"name\\":\\"temperature\\",\\"value\\":\\"()=>({value:6,scale:'CELSIUS'})\\"}],\\"retrievable\\":true,\\"proactivelyReported\\":false}},{\\"interface\\":\\"Alexa.ThermostatController\\",\\"version\\":\\"3\\",\\"type\\":\\"AlexaInterface\\",\\"properties\\":{\\"supported\\":[{\\"name\\":\\"targetSetpoint\\",\\"value\\":\\"()=>({value:6,scale:'CELSIUS'})\\"}],\\"retrievable\\":true,\\"proactivelyReported\\":false}}]},{\\"endpointId\\":\\"33_ZStick_Blinds\\",\\"manufacturerName\\":\\"Z-Stick\\",\\"friendlyName\\":\\"Salon - Volet roulant\\",\\"description\\":\\"\\",\\"displayCategories\\":[\\"LIGHT\\"],\\"cookie\\":{},\\"capabilities\\":[{\\"type\\":\\"AlexaInterface\\",\\"interface\\":\\"Alexa\\",\\"version\\":\\"3\\"},{\\"interface\\":\\"Alexa.PercentageController\\",\\"version\\":\\"3\\",\\"type\\":\\"AlexaInterface\\",\\"properties\\":{\\"supported\\":[{\\"name\\":\\"percentage\\",\\"value\\":\\"0\\"}],\\"retrievable\\":true}},{\\"interface\\":\\"Alexa.PowerController\\",\\"version\\":\\"3\\",\\"type\\":\\"AlexaInterface\\",\\"properties\\":{\\"supported\\":[{\\"name\\":\\"powerState\\",\\"value\\":\\"()=> ('Open' === 'On' || 'Open' === 'Open') ? 'ON' : 'OFF'\\"}],\\"retrievable\\":true,\\"proactivelyReported\\":true}}]},{\\"endpointId\\":\\"34_ZStick_Blinds\\",\\"manufacturerName\\":\\"Z-Stick\\",\\"friendlyName\\":\\"Terrasse - Volet roulant\\",\\"description\\":\\"\\",\\"displayCategories\\":[\\"LIGHT\\"],\\"cookie\\":{},\\"capabilities\\":[{\\"type\\":\\"AlexaInterface\\",\\"interface\\":\\"Alexa\\",\\"version\\":\\"3\\"},{\\"interface\\":\\"Alexa.PercentageController\\",\\"version\\":\\"3\\",\\"type\\":\\"AlexaInterface\\",\\"properties\\":{\\"supported\\":[{\\"name\\":\\"percentage\\",\\"value\\":\\"100\\"}],\\"retrievable\\":true}},{\\"interface\\":\\"Alexa.PowerController\\",\\"version\\":\\"3\\",\\"type\\":\\"AlexaInterface\\",\\"properties\\":{\\"supported\\":[{\\"name\\":\\"powerState\\",\\"value\\":\\"()=> ('Closed' === 'On' || 'Closed' === 'Open') ? 'ON' : 'OFF'\\"}],\\"retrievable\\":true,\\"proactivelyReported\\":true}}]},{\\"endpointId\\":\\"39_ZStick_Blinds\\",\\"manufacturerName\\":\\"Z-Stick\\",\\"friendlyName\\":\\"Cuisine - Volet roulant\\",\\"description\\":\\"\\",\\"displayCategories\\":[\\"LIGHT\\"],\\"cookie\\":{},\\"capabilities\\":[{\\"type\\":\\"AlexaInterface\\",\\"interface\\":\\"Alexa\\",\\"version\\":\\"3\\"},{\\"interface\\":\\"Alexa.PercentageController\\",\\"version\\":\\"3\\",\\"type\\":\\"AlexaInterface\\",\\"properties\\":{\\"supported\\":[{\\"name\\":\\"percentage\\",\\"value\\":\\"100\\"}],\\"retrievable\\":true}},{\\"interface\\":\\"Alexa.PowerController\\",\\"version\\":\\"3\\",\\"type\\":\\"AlexaInterface\\",\\"properties\\":{\\"supported\\":[{\\"name\\":\\"powerState\\",\\"value\\":\\"()=> ('Closed' === 'On' || 'Closed' === 'Open') ? 'ON' : 'OFF'\\"}],\\"retrievable\\":true,\\"proactivelyReported\\":true}}]},{\\"endpointId\\":\\"119_ZStick_BlindsInverted\\",\\"manufacturerName\\":\\"Z-Stick\\",\\"friendlyName\\":\\"Salon - Volet roulant Fenêtre fixe\\",\\"description\\":\\"\\",\\"displayCategories\\":[\\"LIGHT\\"],\\"cookie\\":{},\\"capabilities\\":[{\\"type\\":\\"AlexaInterface\\",\\"interface\\":\\"Alexa\\",\\"version\\":\\"3\\"},{\\"interface\\":\\"Alexa.PercentageController\\",\\"version\\":\\"3\\",\\"type\\":\\"AlexaInterface\\",\\"properties\\":{\\"supported\\":[{\\"name\\":\\"percentage\\",\\"value\\":\\"100\\"}],\\"retrievable\\":true}},{\\"interface\\":\\"Alexa.PowerController\\",\\"version\\":\\"3\\",\\"type\\":\\"AlexaInterface\\",\\"properties\\":{\\"supported\\":[{\\"name\\":\\"powerState\\",\\"value\\":\\"()=> ('Open' === 'On' || 'Open' === 'Open') ? 'ON' : 'OFF'\\"}],\\"retrievable\\":true,\\"proactivelyReported\\":true}}]},{\\"endpointId\\":\\"52_ZStick_Dimmer\\",\\"manufacturerName\\":\\"Z-Stick\\",\\"friendlyName\\":\\"Seche serviette - Salle de bain parentale\\",\\"description\\":\\"\\",\\"displayCategories\\":[\\"LIGHT\\"],\\"cookie\\":{},\\"capabilities\\":[{\\"type\\":\\"AlexaInterface\\",\\"interface\\":\\"Alexa\\",\\"version\\":\\"3\\"},{\\"interface\\":\\"Alexa.PercentageController\\",\\"version\\":\\"3\\",\\"type\\":\\"AlexaInterface\\",\\"properties\\":{\\"supported\\":[{\\"name\\":\\"percentage\\",\\"value\\":\\"20\\"}],\\"retrievable\\":true}},{\\"interface\\":\\"Alexa.PowerController\\",\\"version\\":\\"3\\",\\"type\\":\\"AlexaInterface\\",\\"properties\\":{\\"supported\\":[{\\"name\\":\\"powerState\\",\\"value\\":\\"()=> ('Set Level: 20 %' === 'On' || 'Set Level: 20 %' === 'Open') ? 'ON' : 'OFF'\\"}],\\"retrievable\\":true,\\"proactivelyReported\\":true}}]},{\\"endpointId\\":\\"58_Virtualswitch1_OnOff\\",\\"manufacturerName\\":\\"Virtual switch 1\\",\\"friendlyName\\":\\"SdB parentale - Chauffage 30min\\",\\"description\\":\\"\\",\\"displayCategories\\":[\\"SWITCH\\"],\\"cookie\\":{},\\"capabilities\\":[{\\"type\\":\\"AlexaInterface\\",\\"interface\\":\\"Alexa\\",\\"version\\":\\"3\\"},{\\"interface\\":\\"Alexa.PowerController\\",\\"version\\":\\"3\\",\\"type\\":\\"AlexaInterface\\",\\"properties\\":{\\"supported\\":[{\\"name\\":\\"powerState\\",\\"value\\":\\"()=> ('Off' === 'On' || 'Off' === 'Open') ? 'ON' : 'OFF'\\"}],\\"retrievable\\":true,\\"proactivelyReported\\":true}}]},{\\"endpointId\\":\\"70_XiaomiGateway_undefined\\",\\"manufacturerName\\":\\"Xiaomi Gateway\\",\\"friendlyName\\":\\"Sous-sol\\",\\"description\\":\\"\\",\\"displayCategories\\":[\\"THERMOSTAT\\"],\\"cookie\\":{},\\"capabilities\\":[{\\"type\\":\\"AlexaInterface\\",\\"interface\\":\\"Alexa\\",\\"version\\":\\"3\\"},{\\"interface\\":\\"Alexa.TemperatureSensor\\",\\"version\\":\\"3\\",\\"type\\":\\"AlexaInterface\\",\\"properties\\":{\\"supported\\":[{\\"name\\":\\"temperature\\",\\"value\\":\\"()=>({value:16.2,scale:'CELSIUS'})\\"}],\\"retrievable\\":true,\\"proactivelyReported\\":false}},{\\"interface\\":\\"Alexa.ThermostatController\\",\\"version\\":\\"3\\",\\"type\\":\\"AlexaInterface\\",\\"properties\\":{\\"supported\\":[{\\"name\\":\\"targetSetpoint\\",\\"value\\":\\"()=>({value:16.2,scale:'CELSIUS'})\\"}],\\"retrievable\\":true,\\"proactivelyReported\\":false}}]},{\\"endpointId\\":\\"81_XiaomiGateway_undefined\\",\\"manufacturerName\\":\\"Xiaomi Gateway\\",\\"friendlyName\\":\\"Salle de bain enfants\\",\\"description\\":\\"\\",\\"displayCategories\\":[\\"THERMOSTAT\\"],\\"cookie\\":{},\\"capabilities\\":[{\\"type\\":\\"AlexaInterface\\",\\"interface\\":\\"Alexa\\",\\"version\\":\\"3\\"},{\\"interface\\":\\"Alexa.TemperatureSensor\\",\\"version\\":\\"3\\",\\"type\\":\\"AlexaInterface\\",\\"properties\\":{\\"supported\\":[{\\"name\\":\\"temperature\\",\\"value\\":\\"()=>({value:19.8,scale:'CELSIUS'})\\"}],\\"retrievable\\":true,\\"proactivelyReported\\":false}},{\\"interface\\":\\"Alexa.ThermostatController\\",\\"version\\":\\"3\\",\\"type\\":\\"AlexaInterface\\",\\"properties\\":{\\"supported\\":[{\\"name\\":\\"targetSetpoint\\",\\"value\\":\\"()=>({value:19.8,scale:'CELSIUS'})\\"}],\\"retrievable\\":true,\\"proactivelyReported\\":false}}]},{\\"endpointId\\":\\"85_XiaomiGateway_undefined\\",\\"manufacturerName\\":\\"Xiaomi Gateway\\",\\"friendlyName\\":\\"Salle de bain parentale\\",\\"description\\":\\"\\",\\"displayCategories\\":[\\"THERMOSTAT\\"],\\"cookie\\":{},\\"capabilities\\":[{\\"type\\":\\"AlexaInterface\\",\\"interface\\":\\"Alexa\\",\\"version\\":\\"3\\"},{\\"interface\\":\\"Alexa.TemperatureSensor\\",\\"version\\":\\"3\\",\\"type\\":\\"AlexaInterface\\",\\"properties\\":{\\"supported\\":[{\\"name\\":\\"temperature\\",\\"value\\":\\"()=>({value:20.6,scale:'CELSIUS'})\\"}],\\"retrievable\\":true,\\"proactivelyReported\\":false}},{\\"interface\\":\\"Alexa.ThermostatController\\",\\"version\\":\\"3\\",\\"type\\":\\"AlexaInterface\\",\\"properties\\":{\\"supported\\":[{\\"name\\":\\"targetSetpoint\\",\\"value\\":\\"()=>({value:20.6,scale:'CELSIUS'})\\"}],\\"retrievable\\":true,\\"proactivelyReported\\":false}}]},{\\"endpointId\\":\\"92_XiaomiGateway_undefined\\",\\"manufacturerName\\":\\"Xiaomi Gateway\\",\\"friendlyName\\":\\"VMC - entrant\\",\\"description\\":\\"\\",\\"displayCategories\\":[\\"THERMOSTAT\\"],\\"cookie\\":{},\\"capabilities\\":[{\\"type\\":\\"AlexaInterface\\",\\"interface\\":\\"Alexa\\",\\"version\\":\\"3\\"},{\\"interface\\":\\"Alexa.TemperatureSensor\\",\\"version\\":\\"3\\",\\"type\\":\\"AlexaInterface\\",\\"properties\\":{\\"supported\\":[{\\"name\\":\\"temperature\\",\\"value\\":\\"()=>({value:5.9,scale:'CELSIUS'})\\"}],\\"retrievable\\":true,\\"proactivelyReported\\":false}},{\\"interface\\":\\"Alexa.ThermostatController\\",\\"version\\":\\"3\\",\\"type\\":\\"AlexaInterface\\",\\"properties\\":{\\"supported\\":[{\\"name\\":\\"targetSetpoint\\",\\"value\\":\\"()=>({value:5.9,scale:'CELSIUS'})\\"}],\\"retrievable\\":true,\\"proactivelyReported\\":false}}]},{\\"endpointId\\":\\"98_XiaomiGateway_undefined\\",\\"manufacturerName\\":\\"Xiaomi Gateway\\",\\"friendlyName\\":\\"VMC - sortant\\",\\"description\\":\\"\\",\\"displayCategories\\":[\\"THERMOSTAT\\"],\\"cookie\\":{},\\"capabilities\\":[{\\"type\\":\\"AlexaInterface\\",\\"interface\\":\\"Alexa\\",\\"version\\":\\"3\\"},{\\"interface\\":\\"Alexa.TemperatureSensor\\",\\"version\\":\\"3\\",\\"type\\":\\"AlexaInterface\\",\\"properties\\":{\\"supported\\":[{\\"name\\":\\"temperature\\",\\"value\\":\\"()=>({value:12.4,scale:'CELSIUS'})\\"}],\\"retrievable\\":true,\\"proactivelyReported\\":false}},{\\"interface\\":\\"Alexa.ThermostatController\\",\\"version\\":\\"3\\",\\"type\\":\\"AlexaInterface\\",\\"properties\\":{\\"supported\\":[{\\"name\\":\\"targetSetpoint\\",\\"value\\":\\"()=>({value:12.4,scale:'CELSIUS'})\\"}],\\"retrievable\\":true,\\"proactivelyReported\\":false}}]},{\\"endpointId\\":\\"110_XiaomiGateway_undefined\\",\\"manufacturerName\\":\\"Xiaomi Gateway\\",\\"friendlyName\\":\\"Chambre Noé\\",\\"description\\":\\"\\",\\"displayCategories\\":[\\"THERMOSTAT\\"],\\"cookie\\":{},\\"capabilities\\":[{\\"type\\":\\"AlexaInterface\\",\\"interface\\":\\"Alexa\\",\\"version\\":\\"3\\"},{\\"interface\\":\\"Alexa.TemperatureSensor\\",\\"version\\":\\"3\\",\\"type\\":\\"AlexaInterface\\",\\"properties\\":{\\"supported\\":[{\\"name\\":\\"temperature\\",\\"value\\":\\"()=>({value:20.8,scale:'CELSIUS'})\\"}],\\"retrievable\\":true,\\"proactivelyReported\\":false}},{\\"interface\\":\\"Alexa.ThermostatController\\",\\"version\\":\\"3\\",\\"type\\":\\"AlexaInterface\\",\\"properties\\":{\\"supported\\":[{\\"name\\":\\"targetSetpoint\\",\\"value\\":\\"()=>({value:20.8,scale:'CELSIUS'})\\"}],\\"retrievable\\":true,\\"proactivelyReported\\":false}}]},{\\"endpointId\\":\\"114_XiaomiGateway_undefined\\",\\"manufacturerName\\":\\"Xiaomi Gateway\\",\\"friendlyName\\":\\"Séjour\\",\\"description\\":\\"\\",\\"displayCategories\\":[\\"THERMOSTAT\\"],\\"cookie\\":{},\\"capabilities\\":[{\\"type\\":\\"AlexaInterface\\",\\"interface\\":\\"Alexa\\",\\"version\\":\\"3\\"},{\\"interface\\":\\"Alexa.TemperatureSensor\\",\\"version\\":\\"3\\",\\"type\\":\\"AlexaInterface\\",\\"properties\\":{\\"supported\\":[{\\"name\\":\\"temperature\\",\\"value\\":\\"()=>({value:20.8,scale:'CELSIUS'})\\"}],\\"retrievable\\":true,\\"proactivelyReported\\":false}},{\\"interface\\":\\"Alexa.ThermostatController\\",\\"version\\":\\"3\\",\\"type\\":\\"AlexaInterface\\",\\"properties\\":{\\"supported\\":[{\\"name\\":\\"targetSetpoint\\",\\"value\\":\\"()=>({value:20.8,scale:'CELSIUS'})\\"}],\\"retrievable\\":true,\\"proactivelyReported\\":false}}]},{\\"endpointId\\":\\"133_Virtualswitch1_Blinds\\",\\"manufacturerName\\":\\"Virtual switch 1\\",\\"friendlyName\\":\\"Volets\\",\\"description\\":\\"\\",\\"displayCategories\\":[\\"LIGHT\\"],\\"cookie\\":{},\\"capabilities\\":[{\\"type\\":\\"AlexaInterface\\",\\"interface\\":\\"Alexa\\",\\"version\\":\\"3\\"},{\\"interface\\":\\"Alexa.PercentageController\\",\\"version\\":\\"3\\",\\"type\\":\\"AlexaInterface\\",\\"properties\\":{\\"supported\\":[{\\"name\\":\\"percentage\\",\\"value\\":\\"0\\"}],\\"retrievable\\":true}},{\\"interface\\":\\"Alexa.PowerController\\",\\"version\\":\\"3\\",\\"type\\":\\"AlexaInterface\\",\\"properties\\":{\\"supported\\":[{\\"name\\":\\"powerState\\",\\"value\\":\\"()=> ('Closed' === 'On' || 'Closed' === 'Open') ? 'ON' : 'OFF'\\"}],\\"retrievable\\":true,\\"proactivelyReported\\":true}}]}]}}}"`;
