// Jest Snapshot v1, https://goo.gl/fbAQLP

exports[`DISCOVERY TESTING client 10 1`] = `"{\\"event\\":{\\"header\\":{\\"namespace\\":\\"Alexa.Discovery\\",\\"name\\":\\"Discover.Response\\",\\"payloadVersion\\":\\"3\\",\\"messageId\\":\\"abc-123-def-456\\"},\\"payload\\":{\\"endpoints\\":[{\\"endpointId\\":\\"1_PasserelleXiaomi_Dimmer\\",\\"manufacturerName\\":\\"Passerelle Xiaomi\\",\\"friendlyName\\":\\"Xiaomi RGB Gateway\\",\\"description\\":\\"\\",\\"displayCategories\\":[\\"LIGHT\\"],\\"cookie\\":{},\\"capabilities\\":[{\\"type\\":\\"AlexaInterface\\",\\"interface\\":\\"Alexa\\",\\"version\\":\\"3\\"},{\\"interface\\":\\"Alexa.BrightnessController\\",\\"version\\":\\"3\\",\\"type\\":\\"AlexaInterface\\",\\"properties\\":{\\"supported\\":[{\\"name\\":\\"brightness\\",\\"value\\":\\"()=>parseInt(100)\\"}],\\"retrievable\\":true,\\"proactivelyReported\\":true}},{\\"interface\\":\\"Alexa.ColorController\\",\\"version\\":\\"3\\",\\"type\\":\\"AlexaInterface\\",\\"properties\\":{\\"supported\\":[{\\"name\\":\\"color\\",\\"value\\":\\"()=>({'hue': undefined,'saturation': (undefined/100), 'brightness': (100/100)})\\"}],\\"retrievable\\":true,\\"proactivelyReported\\":true}},{\\"interface\\":\\"Alexa.PowerController\\",\\"version\\":\\"3\\",\\"type\\":\\"AlexaInterface\\",\\"properties\\":{\\"supported\\":[{\\"name\\":\\"powerState\\",\\"value\\":\\"()=> ('Off' === 'Off' || 'Off' === 'Closed') ? 'OFF' : 'ON'\\"}],\\"retrievable\\":true,\\"proactivelyReported\\":true}}]},{\\"endpointId\\":\\"2_PasserelleXiaomi_Selector\\",\\"manufacturerName\\":\\"Passerelle Xiaomi\\",\\"friendlyName\\":\\"Xiaomi Gateway Alarm Ringtone\\",\\"description\\":\\"\\",\\"displayCategories\\":[\\"LIGHT\\"],\\"cookie\\":{},\\"capabilities\\":[{\\"type\\":\\"AlexaInterface\\",\\"interface\\":\\"Alexa\\",\\"version\\":\\"3\\"},{\\"interface\\":\\"Alexa.PercentageController\\",\\"version\\":\\"3\\",\\"type\\":\\"AlexaInterface\\",\\"properties\\":{\\"supported\\":[{\\"name\\":\\"percentage\\",\\"value\\":\\"0\\"}],\\"retrievable\\":true}},{\\"interface\\":\\"Alexa.PowerController\\",\\"version\\":\\"3\\",\\"type\\":\\"AlexaInterface\\",\\"properties\\":{\\"supported\\":[{\\"name\\":\\"powerState\\",\\"value\\":\\"()=> ('Off' === 'Off' || 'Off' === 'Closed') ? 'OFF' : 'ON'\\"}],\\"retrievable\\":true,\\"proactivelyReported\\":true}}]},{\\"endpointId\\":\\"3_PasserelleXiaomi_Selector\\",\\"manufacturerName\\":\\"Passerelle Xiaomi\\",\\"friendlyName\\":\\"Xiaomi Gateway Alarm Clock\\",\\"description\\":\\"\\",\\"displayCategories\\":[\\"LIGHT\\"],\\"cookie\\":{},\\"capabilities\\":[{\\"type\\":\\"AlexaInterface\\",\\"interface\\":\\"Alexa\\",\\"version\\":\\"3\\"},{\\"interface\\":\\"Alexa.PercentageController\\",\\"version\\":\\"3\\",\\"type\\":\\"AlexaInterface\\",\\"properties\\":{\\"supported\\":[{\\"name\\":\\"percentage\\",\\"value\\":\\"0\\"}],\\"retrievable\\":true}},{\\"interface\\":\\"Alexa.PowerController\\",\\"version\\":\\"3\\",\\"type\\":\\"AlexaInterface\\",\\"properties\\":{\\"supported\\":[{\\"name\\":\\"powerState\\",\\"value\\":\\"()=> ('Off' === 'Off' || 'Off' === 'Closed') ? 'OFF' : 'ON'\\"}],\\"retrievable\\":true,\\"proactivelyReported\\":true}}]},{\\"endpointId\\":\\"4_PasserelleXiaomi_Selector\\",\\"manufacturerName\\":\\"Passerelle Xiaomi\\",\\"friendlyName\\":\\"Xiaomi Gateway Doorbell\\",\\"description\\":\\"\\",\\"displayCategories\\":[\\"LIGHT\\"],\\"cookie\\":{},\\"capabilities\\":[{\\"type\\":\\"AlexaInterface\\",\\"interface\\":\\"Alexa\\",\\"version\\":\\"3\\"},{\\"interface\\":\\"Alexa.PercentageController\\",\\"version\\":\\"3\\",\\"type\\":\\"AlexaInterface\\",\\"properties\\":{\\"supported\\":[{\\"name\\":\\"percentage\\",\\"value\\":\\"0\\"}],\\"retrievable\\":true}},{\\"interface\\":\\"Alexa.PowerController\\",\\"version\\":\\"3\\",\\"type\\":\\"AlexaInterface\\",\\"properties\\":{\\"supported\\":[{\\"name\\":\\"powerState\\",\\"value\\":\\"()=> ('Off' === 'Off' || 'Off' === 'Closed') ? 'OFF' : 'ON'\\"}],\\"retrievable\\":true,\\"proactivelyReported\\":true}}]},{\\"endpointId\\":\\"5_PasserelleXiaomi_OnOff\\",\\"manufacturerName\\":\\"Passerelle Xiaomi\\",\\"friendlyName\\":\\"Xiaomi Gateway MP3\\",\\"description\\":\\"\\",\\"displayCategories\\":[\\"SWITCH\\"],\\"cookie\\":{},\\"capabilities\\":[{\\"type\\":\\"AlexaInterface\\",\\"interface\\":\\"Alexa\\",\\"version\\":\\"3\\"},{\\"interface\\":\\"Alexa.PowerController\\",\\"version\\":\\"3\\",\\"type\\":\\"AlexaInterface\\",\\"properties\\":{\\"supported\\":[{\\"name\\":\\"powerState\\",\\"value\\":\\"()=> ('Off' === 'Off' || 'Off' === 'Closed') ? 'OFF' : 'ON'\\"}],\\"retrievable\\":true,\\"proactivelyReported\\":true}}]},{\\"endpointId\\":\\"6_PasserelleXiaomi_Dimmer\\",\\"manufacturerName\\":\\"Passerelle Xiaomi\\",\\"friendlyName\\":\\"Xiaomi Gateway Volume\\",\\"description\\":\\"\\",\\"displayCategories\\":[\\"LIGHT\\"],\\"cookie\\":{},\\"capabilities\\":[{\\"type\\":\\"AlexaInterface\\",\\"interface\\":\\"Alexa\\",\\"version\\":\\"3\\"},{\\"interface\\":\\"Alexa.PercentageController\\",\\"version\\":\\"3\\",\\"type\\":\\"AlexaInterface\\",\\"properties\\":{\\"supported\\":[{\\"name\\":\\"percentage\\",\\"value\\":\\"68\\"}],\\"retrievable\\":true}},{\\"interface\\":\\"Alexa.PowerController\\",\\"version\\":\\"3\\",\\"type\\":\\"AlexaInterface\\",\\"properties\\":{\\"supported\\":[{\\"name\\":\\"powerState\\",\\"value\\":\\"()=> ('Off' === 'Off' || 'Off' === 'Closed') ? 'OFF' : 'ON'\\"}],\\"retrievable\\":true,\\"proactivelyReported\\":true}}]},{\\"endpointId\\":\\"9_PasserelleXiaomi_Selector\\",\\"manufacturerName\\":\\"Passerelle Xiaomi\\",\\"friendlyName\\":\\"Bunton 1\\",\\"description\\":\\"\\",\\"displayCategories\\":[\\"LIGHT\\"],\\"cookie\\":{},\\"capabilities\\":[{\\"type\\":\\"AlexaInterface\\",\\"interface\\":\\"Alexa\\",\\"version\\":\\"3\\"},{\\"interface\\":\\"Alexa.PercentageController\\",\\"version\\":\\"3\\",\\"type\\":\\"AlexaInterface\\",\\"properties\\":{\\"supported\\":[{\\"name\\":\\"percentage\\",\\"value\\":\\"0\\"}],\\"retrievable\\":true}},{\\"interface\\":\\"Alexa.PowerController\\",\\"version\\":\\"3\\",\\"type\\":\\"AlexaInterface\\",\\"properties\\":{\\"supported\\":[{\\"name\\":\\"powerState\\",\\"value\\":\\"()=> ('Off' === 'Off' || 'Off' === 'Closed') ? 'OFF' : 'ON'\\"}],\\"retrievable\\":true,\\"proactivelyReported\\":true}}]},{\\"endpointId\\":\\"31_virtuel_OnOff\\",\\"manufacturerName\\":\\"virtuel\\",\\"friendlyName\\":\\"Alarme\\",\\"description\\":\\"\\",\\"displayCategories\\":[\\"SWITCH\\"],\\"cookie\\":{},\\"capabilities\\":[{\\"type\\":\\"AlexaInterface\\",\\"interface\\":\\"Alexa\\",\\"version\\":\\"3\\"},{\\"interface\\":\\"Alexa.PowerController\\",\\"version\\":\\"3\\",\\"type\\":\\"AlexaInterface\\",\\"properties\\":{\\"supported\\":[{\\"name\\":\\"powerState\\",\\"value\\":\\"()=> ('Off' === 'Off' || 'Off' === 'Closed') ? 'OFF' : 'ON'\\"}],\\"retrievable\\":true,\\"proactivelyReported\\":true}}]},{\\"endpointId\\":\\"7_PasserelleXiaomi_OnOff\\",\\"manufacturerName\\":\\"Passerelle Xiaomi\\",\\"friendlyName\\":\\"Prise Tortue\\",\\"description\\":\\"\\",\\"displayCategories\\":[\\"SWITCH\\"],\\"cookie\\":{},\\"capabilities\\":[{\\"type\\":\\"AlexaInterface\\",\\"interface\\":\\"Alexa\\",\\"version\\":\\"3\\"},{\\"interface\\":\\"Alexa.PowerController\\",\\"version\\":\\"3\\",\\"type\\":\\"AlexaInterface\\",\\"properties\\":{\\"supported\\":[{\\"name\\":\\"powerState\\",\\"value\\":\\"()=> ('Off' === 'Off' || 'Off' === 'Closed') ? 'OFF' : 'ON'\\"}],\\"retrievable\\":true,\\"proactivelyReported\\":true}}]},{\\"endpointId\\":\\"25_PasserelleXiaomi_undefined\\",\\"manufacturerName\\":\\"Passerelle Xiaomi\\",\\"friendlyName\\":\\"Temp   Hu Salle à manger\\",\\"description\\":\\"\\",\\"displayCategories\\":[\\"THERMOSTAT\\"],\\"cookie\\":{},\\"capabilities\\":[{\\"type\\":\\"AlexaInterface\\",\\"interface\\":\\"Alexa\\",\\"version\\":\\"3\\"},{\\"interface\\":\\"Alexa.TemperatureSensor\\",\\"version\\":\\"3\\",\\"type\\":\\"AlexaInterface\\",\\"properties\\":{\\"supported\\":[{\\"name\\":\\"temperature\\",\\"value\\":\\"()=>({value:20.4,scale:'CELSIUS'})\\"}],\\"retrievable\\":true,\\"proactivelyReported\\":false}},{\\"interface\\":\\"Alexa.ThermostatController\\",\\"version\\":\\"3\\",\\"type\\":\\"AlexaInterface\\",\\"properties\\":{\\"supported\\":[{\\"name\\":\\"targetSetpoint\\",\\"value\\":\\"()=>({value:20.4,scale:'CELSIUS'})\\"}],\\"retrievable\\":true,\\"proactivelyReported\\":false}}]},{\\"endpointId\\":\\"13_PasserelleXiaomi_undefined\\",\\"manufacturerName\\":\\"Passerelle Xiaomi\\",\\"friendlyName\\":\\"Température Salle à manger\\",\\"description\\":\\"\\",\\"displayCategories\\":[\\"THERMOSTAT\\"],\\"cookie\\":{},\\"capabilities\\":[{\\"type\\":\\"AlexaInterface\\",\\"interface\\":\\"Alexa\\",\\"version\\":\\"3\\"},{\\"interface\\":\\"Alexa.TemperatureSensor\\",\\"version\\":\\"3\\",\\"type\\":\\"AlexaInterface\\",\\"properties\\":{\\"supported\\":[{\\"name\\":\\"temperature\\",\\"value\\":\\"()=>({value:20.4,scale:'CELSIUS'})\\"}],\\"retrievable\\":true,\\"proactivelyReported\\":false}},{\\"interface\\":\\"Alexa.ThermostatController\\",\\"version\\":\\"3\\",\\"type\\":\\"AlexaInterface\\",\\"properties\\":{\\"supported\\":[{\\"name\\":\\"targetSetpoint\\",\\"value\\":\\"()=>({value:20.4,scale:'CELSIUS'})\\"}],\\"retrievable\\":true,\\"proactivelyReported\\":false}}]},{\\"endpointId\\":\\"34_PasserelleXiaomi_undefined\\",\\"manufacturerName\\":\\"Passerelle Xiaomi\\",\\"friendlyName\\":\\"Température Salle de Bain\\",\\"description\\":\\"\\",\\"displayCategories\\":[\\"THERMOSTAT\\"],\\"cookie\\":{},\\"capabilities\\":[{\\"type\\":\\"AlexaInterface\\",\\"interface\\":\\"Alexa\\",\\"version\\":\\"3\\"},{\\"interface\\":\\"Alexa.TemperatureSensor\\",\\"version\\":\\"3\\",\\"type\\":\\"AlexaInterface\\",\\"properties\\":{\\"supported\\":[{\\"name\\":\\"temperature\\",\\"value\\":\\"()=>({value:21.6,scale:'CELSIUS'})\\"}],\\"retrievable\\":true,\\"proactivelyReported\\":false}},{\\"interface\\":\\"Alexa.ThermostatController\\",\\"version\\":\\"3\\",\\"type\\":\\"AlexaInterface\\",\\"properties\\":{\\"supported\\":[{\\"name\\":\\"targetSetpoint\\",\\"value\\":\\"()=>({value:21.6,scale:'CELSIUS'})\\"}],\\"retrievable\\":true,\\"proactivelyReported\\":false}}]},{\\"endpointId\\":\\"37_PasserelleXiaomi_undefined\\",\\"manufacturerName\\":\\"Passerelle Xiaomi\\",\\"friendlyName\\":\\"Temp   Hu Salle de bain\\",\\"description\\":\\"\\",\\"displayCategories\\":[\\"THERMOSTAT\\"],\\"cookie\\":{},\\"capabilities\\":[{\\"type\\":\\"AlexaInterface\\",\\"interface\\":\\"Alexa\\",\\"version\\":\\"3\\"},{\\"interface\\":\\"Alexa.TemperatureSensor\\",\\"version\\":\\"3\\",\\"type\\":\\"AlexaInterface\\",\\"properties\\":{\\"supported\\":[{\\"name\\":\\"temperature\\",\\"value\\":\\"()=>({value:21.6,scale:'CELSIUS'})\\"}],\\"retrievable\\":true,\\"proactivelyReported\\":false}},{\\"interface\\":\\"Alexa.ThermostatController\\",\\"version\\":\\"3\\",\\"type\\":\\"AlexaInterface\\",\\"properties\\":{\\"supported\\":[{\\"name\\":\\"targetSetpoint\\",\\"value\\":\\"()=>({value:21.6,scale:'CELSIUS'})\\"}],\\"retrievable\\":true,\\"proactivelyReported\\":false}}]},{\\"endpointId\\":\\"40_rflink433_OnOff\\",\\"manufacturerName\\":\\"rflink 433\\",\\"friendlyName\\":\\"prise carrefour 1\\",\\"description\\":\\"\\",\\"displayCategories\\":[\\"SWITCH\\"],\\"cookie\\":{},\\"capabilities\\":[{\\"type\\":\\"AlexaInterface\\",\\"interface\\":\\"Alexa\\",\\"version\\":\\"3\\"},{\\"interface\\":\\"Alexa.PowerController\\",\\"version\\":\\"3\\",\\"type\\":\\"AlexaInterface\\",\\"properties\\":{\\"supported\\":[{\\"name\\":\\"powerState\\",\\"value\\":\\"()=> ('Off' === 'Off' || 'Off' === 'Closed') ? 'OFF' : 'ON'\\"}],\\"retrievable\\":true,\\"proactivelyReported\\":true}}]},{\\"endpointId\\":\\"125_virtuel_PushOnButton\\",\\"manufacturerName\\":\\"virtuel\\",\\"friendlyName\\":\\"Ouvrir tous les volets\\",\\"description\\":\\"\\",\\"displayCategories\\":[\\"LIGHT\\"],\\"cookie\\":{},\\"capabilities\\":[{\\"type\\":\\"AlexaInterface\\",\\"interface\\":\\"Alexa\\",\\"version\\":\\"3\\"},{\\"interface\\":\\"Alexa.PercentageController\\",\\"version\\":\\"3\\",\\"type\\":\\"AlexaInterface\\",\\"properties\\":{\\"supported\\":[{\\"name\\":\\"percentage\\",\\"value\\":\\"0\\"}],\\"retrievable\\":true}},{\\"interface\\":\\"Alexa.PowerController\\",\\"version\\":\\"3\\",\\"type\\":\\"AlexaInterface\\",\\"properties\\":{\\"supported\\":[{\\"name\\":\\"powerState\\",\\"value\\":\\"()=> ('On' === 'Off' || 'On' === 'Closed') ? 'OFF' : 'ON'\\"}],\\"retrievable\\":true,\\"proactivelyReported\\":true}}]},{\\"endpointId\\":\\"126_virtuel_PushOnButton\\",\\"manufacturerName\\":\\"virtuel\\",\\"friendlyName\\":\\"Fermeture tous les volets\\",\\"description\\":\\"\\",\\"displayCategories\\":[\\"SWITCH\\"],\\"cookie\\":{},\\"capabilities\\":[{\\"type\\":\\"AlexaInterface\\",\\"interface\\":\\"Alexa\\",\\"version\\":\\"3\\"},{\\"interface\\":\\"Alexa.PowerController\\",\\"version\\":\\"3\\",\\"type\\":\\"AlexaInterface\\",\\"properties\\":{\\"supported\\":[{\\"name\\":\\"powerState\\",\\"value\\":\\"()=> ('On' === 'Off' || 'On' === 'Closed') ? 'OFF' : 'ON'\\"}],\\"retrievable\\":true,\\"proactivelyReported\\":true}}]},{\\"endpointId\\":\\"152_rflink433_OnOff\\",\\"manufacturerName\\":\\"rflink 433\\",\\"friendlyName\\":\\"télécommande 1\\",\\"description\\":\\"\\",\\"displayCategories\\":[\\"SWITCH\\"],\\"cookie\\":{},\\"capabilities\\":[{\\"type\\":\\"AlexaInterface\\",\\"interface\\":\\"Alexa\\",\\"version\\":\\"3\\"},{\\"interface\\":\\"Alexa.PowerController\\",\\"version\\":\\"3\\",\\"type\\":\\"AlexaInterface\\",\\"properties\\":{\\"supported\\":[{\\"name\\":\\"powerState\\",\\"value\\":\\"()=> ('Off' === 'Off' || 'Off' === 'Closed') ? 'OFF' : 'ON'\\"}],\\"retrievable\\":true,\\"proactivelyReported\\":true}}]},{\\"endpointId\\":\\"153_rflink433_OnOff\\",\\"manufacturerName\\":\\"rflink 433\\",\\"friendlyName\\":\\"télécommande 2\\",\\"description\\":\\"\\",\\"displayCategories\\":[\\"SWITCH\\"],\\"cookie\\":{},\\"capabilities\\":[{\\"type\\":\\"AlexaInterface\\",\\"interface\\":\\"Alexa\\",\\"version\\":\\"3\\"},{\\"interface\\":\\"Alexa.PowerController\\",\\"version\\":\\"3\\",\\"type\\":\\"AlexaInterface\\",\\"properties\\":{\\"supported\\":[{\\"name\\":\\"powerState\\",\\"value\\":\\"()=> ('Off' === 'Off' || 'Off' === 'Closed') ? 'OFF' : 'ON'\\"}],\\"retrievable\\":true,\\"proactivelyReported\\":true}}]},{\\"endpointId\\":\\"154_rflink433_OnOff\\",\\"manufacturerName\\":\\"rflink 433\\",\\"friendlyName\\":\\"télécommande 3\\",\\"description\\":\\"\\",\\"displayCategories\\":[\\"SWITCH\\"],\\"cookie\\":{},\\"capabilities\\":[{\\"type\\":\\"AlexaInterface\\",\\"interface\\":\\"Alexa\\",\\"version\\":\\"3\\"},{\\"interface\\":\\"Alexa.PowerController\\",\\"version\\":\\"3\\",\\"type\\":\\"AlexaInterface\\",\\"properties\\":{\\"supported\\":[{\\"name\\":\\"powerState\\",\\"value\\":\\"()=> ('Off' === 'Off' || 'Off' === 'Closed') ? 'OFF' : 'ON'\\"}],\\"retrievable\\":true,\\"proactivelyReported\\":true}}]},{\\"endpointId\\":\\"155_rflink433_OnOff\\",\\"manufacturerName\\":\\"rflink 433\\",\\"friendlyName\\":\\"télécommande 4\\",\\"description\\":\\"\\",\\"displayCategories\\":[\\"SWITCH\\"],\\"cookie\\":{},\\"capabilities\\":[{\\"type\\":\\"AlexaInterface\\",\\"interface\\":\\"Alexa\\",\\"version\\":\\"3\\"},{\\"interface\\":\\"Alexa.PowerController\\",\\"version\\":\\"3\\",\\"type\\":\\"AlexaInterface\\",\\"properties\\":{\\"supported\\":[{\\"name\\":\\"powerState\\",\\"value\\":\\"()=> ('On' === 'Off' || 'On' === 'Closed') ? 'OFF' : 'ON'\\"}],\\"retrievable\\":true,\\"proactivelyReported\\":true}}]},{\\"endpointId\\":\\"188_zwave_BlindsPercentage\\",\\"manufacturerName\\":\\"zwave\\",\\"friendlyName\\":\\"Volet Salle à manger Gauche\\",\\"description\\":\\"\\",\\"displayCategories\\":[\\"LIGHT\\"],\\"cookie\\":{},\\"capabilities\\":[{\\"type\\":\\"AlexaInterface\\",\\"interface\\":\\"Alexa\\",\\"version\\":\\"3\\"},{\\"interface\\":\\"Alexa.PercentageController\\",\\"version\\":\\"3\\",\\"type\\":\\"AlexaInterface\\",\\"properties\\":{\\"supported\\":[{\\"name\\":\\"percentage\\",\\"value\\":\\"100\\"}],\\"retrievable\\":true}},{\\"interface\\":\\"Alexa.PowerController\\",\\"version\\":\\"3\\",\\"type\\":\\"AlexaInterface\\",\\"properties\\":{\\"supported\\":[{\\"name\\":\\"powerState\\",\\"value\\":\\"()=> ('Closed' === 'Off' || 'Closed' === 'Closed') ? 'OFF' : 'ON'\\"}],\\"retrievable\\":true,\\"proactivelyReported\\":true}}]},{\\"endpointId\\":\\"189_zwave_BlindsPercentage\\",\\"manufacturerName\\":\\"zwave\\",\\"friendlyName\\":\\"Volet Salle à manger Droite\\",\\"description\\":\\"\\",\\"displayCategories\\":[\\"LIGHT\\"],\\"cookie\\":{},\\"capabilities\\":[{\\"type\\":\\"AlexaInterface\\",\\"interface\\":\\"Alexa\\",\\"version\\":\\"3\\"},{\\"interface\\":\\"Alexa.PercentageController\\",\\"version\\":\\"3\\",\\"type\\":\\"AlexaInterface\\",\\"properties\\":{\\"supported\\":[{\\"name\\":\\"percentage\\",\\"value\\":\\"100\\"}],\\"retrievable\\":true}},{\\"interface\\":\\"Alexa.PowerController\\",\\"version\\":\\"3\\",\\"type\\":\\"AlexaInterface\\",\\"properties\\":{\\"supported\\":[{\\"name\\":\\"powerState\\",\\"value\\":\\"()=> ('Closed' === 'Off' || 'Closed' === 'Closed') ? 'OFF' : 'ON'\\"}],\\"retrievable\\":true,\\"proactivelyReported\\":true}}]},{\\"endpointId\\":\\"201_zwave_BlindsPercentage\\",\\"manufacturerName\\":\\"zwave\\",\\"friendlyName\\":\\"Volet Salle à manger Millieu\\",\\"description\\":\\"\\",\\"displayCategories\\":[\\"LIGHT\\"],\\"cookie\\":{},\\"capabilities\\":[{\\"type\\":\\"AlexaInterface\\",\\"interface\\":\\"Alexa\\",\\"version\\":\\"3\\"},{\\"interface\\":\\"Alexa.PercentageController\\",\\"version\\":\\"3\\",\\"type\\":\\"AlexaInterface\\",\\"properties\\":{\\"supported\\":[{\\"name\\":\\"percentage\\",\\"value\\":\\"100\\"}],\\"retrievable\\":true}},{\\"interface\\":\\"Alexa.PowerController\\",\\"version\\":\\"3\\",\\"type\\":\\"AlexaInterface\\",\\"properties\\":{\\"supported\\":[{\\"name\\":\\"powerState\\",\\"value\\":\\"()=> ('Closed' === 'Off' || 'Closed' === 'Closed') ? 'OFF' : 'ON'\\"}],\\"retrievable\\":true,\\"proactivelyReported\\":true}}]},{\\"endpointId\\":\\"202_zwave_BlindsPercentage\\",\\"manufacturerName\\":\\"zwave\\",\\"friendlyName\\":\\"Volet Salle de bain\\",\\"description\\":\\"\\",\\"displayCategories\\":[\\"LIGHT\\"],\\"cookie\\":{},\\"capabilities\\":[{\\"type\\":\\"AlexaInterface\\",\\"interface\\":\\"Alexa\\",\\"version\\":\\"3\\"},{\\"interface\\":\\"Alexa.PercentageController\\",\\"version\\":\\"3\\",\\"type\\":\\"AlexaInterface\\",\\"properties\\":{\\"supported\\":[{\\"name\\":\\"percentage\\",\\"value\\":\\"100\\"}],\\"retrievable\\":true}},{\\"interface\\":\\"Alexa.PowerController\\",\\"version\\":\\"3\\",\\"type\\":\\"AlexaInterface\\",\\"properties\\":{\\"supported\\":[{\\"name\\":\\"powerState\\",\\"value\\":\\"()=> ('Closed' === 'Off' || 'Closed' === 'Closed') ? 'OFF' : 'ON'\\"}],\\"retrievable\\":true,\\"proactivelyReported\\":true}}]},{\\"endpointId\\":\\"203_zwave_BlindsPercentage\\",\\"manufacturerName\\":\\"zwave\\",\\"friendlyName\\":\\"Volet Salon\\",\\"description\\":\\"\\",\\"displayCategories\\":[\\"LIGHT\\"],\\"cookie\\":{},\\"capabilities\\":[{\\"type\\":\\"AlexaInterface\\",\\"interface\\":\\"Alexa\\",\\"version\\":\\"3\\"},{\\"interface\\":\\"Alexa.PercentageController\\",\\"version\\":\\"3\\",\\"type\\":\\"AlexaInterface\\",\\"properties\\":{\\"supported\\":[{\\"name\\":\\"percentage\\",\\"value\\":\\"100\\"}],\\"retrievable\\":true}},{\\"interface\\":\\"Alexa.PowerController\\",\\"version\\":\\"3\\",\\"type\\":\\"AlexaInterface\\",\\"properties\\":{\\"supported\\":[{\\"name\\":\\"powerState\\",\\"value\\":\\"()=> ('Closed' === 'Off' || 'Closed' === 'Closed') ? 'OFF' : 'ON'\\"}],\\"retrievable\\":true,\\"proactivelyReported\\":true}}]},{\\"endpointId\\":\\"221_meteo_undefined\\",\\"manufacturerName\\":\\"meteo\\",\\"friendlyName\\":\\"Barométre\\",\\"description\\":\\"\\",\\"displayCategories\\":[\\"THERMOSTAT\\"],\\"cookie\\":{},\\"capabilities\\":[{\\"type\\":\\"AlexaInterface\\",\\"interface\\":\\"Alexa\\",\\"version\\":\\"3\\"},{\\"interface\\":\\"Alexa.TemperatureSensor\\",\\"version\\":\\"3\\",\\"type\\":\\"AlexaInterface\\",\\"properties\\":{\\"supported\\":[{\\"name\\":\\"temperature\\",\\"value\\":\\"()=>({value:6.7,scale:'CELSIUS'})\\"}],\\"retrievable\\":true,\\"proactivelyReported\\":false}},{\\"interface\\":\\"Alexa.ThermostatController\\",\\"version\\":\\"3\\",\\"type\\":\\"AlexaInterface\\",\\"properties\\":{\\"supported\\":[{\\"name\\":\\"targetSetpoint\\",\\"value\\":\\"()=>({value:6.7,scale:'CELSIUS'})\\"}],\\"retrievable\\":true,\\"proactivelyReported\\":false}}]},{\\"endpointId\\":\\"234_zwave_OnOff\\",\\"manufacturerName\\":\\"zwave\\",\\"friendlyName\\":\\"Volet Salle de bain\\",\\"description\\":\\"\\",\\"displayCategories\\":[\\"SWITCH\\"],\\"cookie\\":{},\\"capabilities\\":[{\\"type\\":\\"AlexaInterface\\",\\"interface\\":\\"Alexa\\",\\"version\\":\\"3\\"},{\\"interface\\":\\"Alexa.PowerController\\",\\"version\\":\\"3\\",\\"type\\":\\"AlexaInterface\\",\\"properties\\":{\\"supported\\":[{\\"name\\":\\"powerState\\",\\"value\\":\\"()=> ('On' === 'Off' || 'On' === 'Closed') ? 'OFF' : 'ON'\\"}],\\"retrievable\\":true,\\"proactivelyReported\\":true}}]},{\\"endpointId\\":\\"269_rflink433_undefined\\",\\"manufacturerName\\":\\"rflink 433\\",\\"friendlyName\\":\\"Auriol V3\\",\\"description\\":\\"\\",\\"displayCategories\\":[\\"THERMOSTAT\\"],\\"cookie\\":{},\\"capabilities\\":[{\\"type\\":\\"AlexaInterface\\",\\"interface\\":\\"Alexa\\",\\"version\\":\\"3\\"},{\\"interface\\":\\"Alexa.TemperatureSensor\\",\\"version\\":\\"3\\",\\"type\\":\\"AlexaInterface\\",\\"properties\\":{\\"supported\\":[{\\"name\\":\\"temperature\\",\\"value\\":\\"()=>({value:4.6,scale:'CELSIUS'})\\"}],\\"retrievable\\":true,\\"proactivelyReported\\":false}},{\\"interface\\":\\"Alexa.ThermostatController\\",\\"version\\":\\"3\\",\\"type\\":\\"AlexaInterface\\",\\"properties\\":{\\"supported\\":[{\\"name\\":\\"targetSetpoint\\",\\"value\\":\\"()=>({value:4.6,scale:'CELSIUS'})\\"}],\\"retrievable\\":true,\\"proactivelyReported\\":false}}]}]}}}"`;
