// Jest Snapshot v1, https://goo.gl/fbAQLP

exports[`Testing all clients DISCOVERY TESTING client10 1`] = `"{\\"event\\":{\\"header\\":{\\"namespace\\":\\"Alexa.Discovery\\",\\"name\\":\\"Discover.Response\\",\\"payloadVersion\\":\\"3\\",\\"messageId\\":\\"abc-123-def-456\\"},\\"payload\\":{\\"endpoints\\":[{\\"endpointId\\":\\"2_RFXCOM_Blinds\\",\\"manufacturerName\\":\\"RFXCOM\\",\\"friendlyName\\":\\"GVsalon\\",\\"description\\":\\"(pas de description)\\",\\"displayCategories\\":[\\"LIGHT\\"],\\"cookie\\":{\\"MaxDimLevel\\":\\"0\\"},\\"capabilities\\":[{\\"type\\":\\"AlexaInterface\\",\\"interface\\":\\"Alexa\\",\\"version\\":\\"3\\"},{\\"interface\\":\\"Alexa.PercentageController\\",\\"version\\":\\"3\\",\\"type\\":\\"AlexaInterface\\",\\"properties\\":{\\"supported\\":[{\\"name\\":\\"percentage\\",\\"value\\":\\"0\\"}],\\"retrievable\\":true}},{\\"interface\\":\\"Alexa.PowerController\\",\\"version\\":\\"3\\",\\"type\\":\\"AlexaInterface\\",\\"properties\\":{\\"supported\\":[{\\"name\\":\\"powerState\\",\\"value\\":\\"()=> ('Closed' === 'Off' || 'Closed' === 'Closed') ? 'OFF' : 'ON'\\"}],\\"retrievable\\":true,\\"proactivelyReported\\":true}}]},{\\"endpointId\\":\\"3_RFXCOM_Blinds\\",\\"manufacturerName\\":\\"RFXCOM\\",\\"friendlyName\\":\\"Vsalon\\",\\"description\\":\\"(pas de description)\\",\\"displayCategories\\":[\\"LIGHT\\"],\\"cookie\\":{\\"MaxDimLevel\\":\\"0\\"},\\"capabilities\\":[{\\"type\\":\\"AlexaInterface\\",\\"interface\\":\\"Alexa\\",\\"version\\":\\"3\\"},{\\"interface\\":\\"Alexa.PercentageController\\",\\"version\\":\\"3\\",\\"type\\":\\"AlexaInterface\\",\\"properties\\":{\\"supported\\":[{\\"name\\":\\"percentage\\",\\"value\\":\\"0\\"}],\\"retrievable\\":true}},{\\"interface\\":\\"Alexa.PowerController\\",\\"version\\":\\"3\\",\\"type\\":\\"AlexaInterface\\",\\"properties\\":{\\"supported\\":[{\\"name\\":\\"powerState\\",\\"value\\":\\"()=> ('Closed' === 'Off' || 'Closed' === 'Closed') ? 'OFF' : 'ON'\\"}],\\"retrievable\\":true,\\"proactivelyReported\\":true}}]},{\\"endpointId\\":\\"4_RFXCOM_Blinds\\",\\"manufacturerName\\":\\"RFXCOM\\",\\"friendlyName\\":\\"VCuisine\\",\\"description\\":\\"(pas de description)\\",\\"displayCategories\\":[\\"LIGHT\\"],\\"cookie\\":{\\"MaxDimLevel\\":\\"0\\"},\\"capabilities\\":[{\\"type\\":\\"AlexaInterface\\",\\"interface\\":\\"Alexa\\",\\"version\\":\\"3\\"},{\\"interface\\":\\"Alexa.PercentageController\\",\\"version\\":\\"3\\",\\"type\\":\\"AlexaInterface\\",\\"properties\\":{\\"supported\\":[{\\"name\\":\\"percentage\\",\\"value\\":\\"0\\"}],\\"retrievable\\":true}},{\\"interface\\":\\"Alexa.PowerController\\",\\"version\\":\\"3\\",\\"type\\":\\"AlexaInterface\\",\\"properties\\":{\\"supported\\":[{\\"name\\":\\"powerState\\",\\"value\\":\\"()=> ('Closed' === 'Off' || 'Closed' === 'Closed') ? 'OFF' : 'ON'\\"}],\\"retrievable\\":true,\\"proactivelyReported\\":true}}]},{\\"endpointId\\":\\"5_RFXCOM_Blinds\\",\\"manufacturerName\\":\\"RFXCOM\\",\\"friendlyName\\":\\"VSalleamanger\\",\\"description\\":\\"(pas de description)\\",\\"displayCategories\\":[\\"LIGHT\\"],\\"cookie\\":{\\"MaxDimLevel\\":\\"0\\"},\\"capabilities\\":[{\\"type\\":\\"AlexaInterface\\",\\"interface\\":\\"Alexa\\",\\"version\\":\\"3\\"},{\\"interface\\":\\"Alexa.PercentageController\\",\\"version\\":\\"3\\",\\"type\\":\\"AlexaInterface\\",\\"properties\\":{\\"supported\\":[{\\"name\\":\\"percentage\\",\\"value\\":\\"0\\"}],\\"retrievable\\":true}},{\\"interface\\":\\"Alexa.PowerController\\",\\"version\\":\\"3\\",\\"type\\":\\"AlexaInterface\\",\\"properties\\":{\\"supported\\":[{\\"name\\":\\"powerState\\",\\"value\\":\\"()=> ('Closed' === 'Off' || 'Closed' === 'Closed') ? 'OFF' : 'ON'\\"}],\\"retrievable\\":true,\\"proactivelyReported\\":true}}]},{\\"endpointId\\":\\"6_RFXCOM_Blinds\\",\\"manufacturerName\\":\\"RFXCOM\\",\\"friendlyName\\":\\"VBureau\\",\\"description\\":\\"(pas de description)\\",\\"displayCategories\\":[\\"LIGHT\\"],\\"cookie\\":{\\"MaxDimLevel\\":\\"0\\"},\\"capabilities\\":[{\\"type\\":\\"AlexaInterface\\",\\"interface\\":\\"Alexa\\",\\"version\\":\\"3\\"},{\\"interface\\":\\"Alexa.PercentageController\\",\\"version\\":\\"3\\",\\"type\\":\\"AlexaInterface\\",\\"properties\\":{\\"supported\\":[{\\"name\\":\\"percentage\\",\\"value\\":\\"0\\"}],\\"retrievable\\":true}},{\\"interface\\":\\"Alexa.PowerController\\",\\"version\\":\\"3\\",\\"type\\":\\"AlexaInterface\\",\\"properties\\":{\\"supported\\":[{\\"name\\":\\"powerState\\",\\"value\\":\\"()=> ('Closed' === 'Off' || 'Closed' === 'Closed') ? 'OFF' : 'ON'\\"}],\\"retrievable\\":true,\\"proactivelyReported\\":true}}]}]}}}"`;
