// Jest Snapshot v1, https://goo.gl/fbAQLP

exports[`DISCOVERY TESTING client8 1`] = `"{\\"event\\":{\\"header\\":{\\"namespace\\":\\"Alexa.Discovery\\",\\"name\\":\\"Discover.Response\\",\\"payloadVersion\\":\\"3\\",\\"messageId\\":\\"abc-123-def-456\\"},\\"payload\\":{\\"endpoints\\":[{\\"endpointId\\":\\"1_undefined_undefined\\",\\"manufacturerName\\":\\"undefined\\",\\"friendlyName\\":\\"VMCs\\",\\"description\\":\\"Groupe de VMC\\",\\"displayCategories\\":[\\"SWITCH\\"],\\"cookie\\":{},\\"capabilities\\":[{\\"type\\":\\"AlexaInterface\\",\\"interface\\":\\"Alexa\\",\\"version\\":\\"3\\"},{\\"interface\\":\\"Alexa.PowerController\\",\\"version\\":\\"3\\",\\"type\\":\\"AlexaInterface\\",\\"properties\\":{\\"supported\\":[{\\"name\\":\\"powerState\\",\\"value\\":\\"()=> ('On' === 'Off' || 'On' === 'Closed') ? 'OFF' : 'ON'\\"}],\\"retrievable\\":true,\\"proactivelyReported\\":true}}]},{\\"endpointId\\":\\"6_PI_sensor_undefined\\",\\"manufacturerName\\":\\"PI_sensor\\",\\"friendlyName\\":\\"CPU_Usage\\",\\"description\\":\\"\\",\\"displayCategories\\":[\\"LIGHT\\"],\\"cookie\\":{},\\"capabilities\\":[{\\"type\\":\\"AlexaInterface\\",\\"interface\\":\\"Alexa\\",\\"version\\":\\"3\\"},{\\"interface\\":\\"Alexa.PercentageController\\",\\"version\\":\\"3\\",\\"type\\":\\"AlexaInterface\\",\\"properties\\":{\\"supported\\":[{\\"name\\":\\"percentage\\",\\"value\\":\\"()=>parseInt('4.3%')\\"}],\\"retrievable\\":true}}]},{\\"endpointId\\":\\"5_PI_sensor_undefined\\",\\"manufacturerName\\":\\"PI_sensor\\",\\"friendlyName\\":\\"RPI - Internal Temperature\\",\\"description\\":\\"\\",\\"displayCategories\\":[\\"THERMOSTAT\\"],\\"cookie\\":{},\\"capabilities\\":[{\\"type\\":\\"AlexaInterface\\",\\"interface\\":\\"Alexa\\",\\"version\\":\\"3\\"},{\\"interface\\":\\"Alexa.TemperatureSensor\\",\\"version\\":\\"3\\",\\"type\\":\\"AlexaInterface\\",\\"properties\\":{\\"supported\\":[{\\"name\\":\\"temperature\\",\\"value\\":\\"()=>({value:47.6,scale:'CELSIUS'})\\"}],\\"retrievable\\":true,\\"proactivelyReported\\":false}},{\\"interface\\":\\"Alexa.ThermostatController\\",\\"version\\":\\"3\\",\\"type\\":\\"AlexaInterface\\",\\"properties\\":{\\"supported\\":[{\\"name\\":\\"targetSetpoint\\",\\"value\\":\\"()=>({value:47.6,scale:'CELSIUS'})\\"}],\\"retrievable\\":true,\\"proactivelyReported\\":false}}]},{\\"endpointId\\":\\"25_rflink_undefined\\",\\"manufacturerName\\":\\"rflink\\",\\"friendlyName\\":\\"TH-GARAGE\\",\\"description\\":\\"\\",\\"displayCategories\\":[\\"THERMOSTAT\\"],\\"cookie\\":{},\\"capabilities\\":[{\\"type\\":\\"AlexaInterface\\",\\"interface\\":\\"Alexa\\",\\"version\\":\\"3\\"},{\\"interface\\":\\"Alexa.TemperatureSensor\\",\\"version\\":\\"3\\",\\"type\\":\\"AlexaInterface\\",\\"properties\\":{\\"supported\\":[{\\"name\\":\\"temperature\\",\\"value\\":\\"()=>({value:4.6,scale:'CELSIUS'})\\"}],\\"retrievable\\":true,\\"proactivelyReported\\":false}},{\\"interface\\":\\"Alexa.ThermostatController\\",\\"version\\":\\"3\\",\\"type\\":\\"AlexaInterface\\",\\"properties\\":{\\"supported\\":[{\\"name\\":\\"targetSetpoint\\",\\"value\\":\\"()=>({value:4.6,scale:'CELSIUS'})\\"}],\\"retrievable\\":true,\\"proactivelyReported\\":false}}]},{\\"endpointId\\":\\"40_Fictif_OnOff\\",\\"manufacturerName\\":\\"Fictif\\",\\"friendlyName\\":\\"VMC-CUISINE\\",\\"description\\":\\"\\",\\"displayCategories\\":[\\"SWITCH\\"],\\"cookie\\":{},\\"capabilities\\":[{\\"type\\":\\"AlexaInterface\\",\\"interface\\":\\"Alexa\\",\\"version\\":\\"3\\"},{\\"interface\\":\\"Alexa.PowerController\\",\\"version\\":\\"3\\",\\"type\\":\\"AlexaInterface\\",\\"properties\\":{\\"supported\\":[{\\"name\\":\\"powerState\\",\\"value\\":\\"()=> ('On' === 'Off' || 'On' === 'Closed') ? 'OFF' : 'ON'\\"}],\\"retrievable\\":true,\\"proactivelyReported\\":true}}]},{\\"endpointId\\":\\"41_Fictif_OnOff\\",\\"manufacturerName\\":\\"Fictif\\",\\"friendlyName\\":\\"VMC-TOILETTE\\",\\"description\\":\\"\\",\\"displayCategories\\":[\\"SWITCH\\"],\\"cookie\\":{},\\"capabilities\\":[{\\"type\\":\\"AlexaInterface\\",\\"interface\\":\\"Alexa\\",\\"version\\":\\"3\\"},{\\"interface\\":\\"Alexa.PowerController\\",\\"version\\":\\"3\\",\\"type\\":\\"AlexaInterface\\",\\"properties\\":{\\"supported\\":[{\\"name\\":\\"powerState\\",\\"value\\":\\"()=> ('On' === 'Off' || 'On' === 'Closed') ? 'OFF' : 'ON'\\"}],\\"retrievable\\":true,\\"proactivelyReported\\":true}}]},{\\"endpointId\\":\\"42_Fictif_OnOff\\",\\"manufacturerName\\":\\"Fictif\\",\\"friendlyName\\":\\"VMC-GARAGE\\",\\"description\\":\\"\\",\\"displayCategories\\":[\\"SWITCH\\"],\\"cookie\\":{},\\"capabilities\\":[{\\"type\\":\\"AlexaInterface\\",\\"interface\\":\\"Alexa\\",\\"version\\":\\"3\\"},{\\"interface\\":\\"Alexa.PowerController\\",\\"version\\":\\"3\\",\\"type\\":\\"AlexaInterface\\",\\"properties\\":{\\"supported\\":[{\\"name\\":\\"powerState\\",\\"value\\":\\"()=> ('On' === 'Off' || 'On' === 'Closed') ? 'OFF' : 'ON'\\"}],\\"retrievable\\":true,\\"proactivelyReported\\":true}}]},{\\"endpointId\\":\\"43_Fictif_OnOff\\",\\"manufacturerName\\":\\"Fictif\\",\\"friendlyName\\":\\"VMC-SALLEDEBAIN\\",\\"description\\":\\"\\",\\"displayCategories\\":[\\"SWITCH\\"],\\"cookie\\":{},\\"capabilities\\":[{\\"type\\":\\"AlexaInterface\\",\\"interface\\":\\"Alexa\\",\\"version\\":\\"3\\"},{\\"interface\\":\\"Alexa.PowerController\\",\\"version\\":\\"3\\",\\"type\\":\\"AlexaInterface\\",\\"properties\\":{\\"supported\\":[{\\"name\\":\\"powerState\\",\\"value\\":\\"()=> ('On' === 'Off' || 'On' === 'Closed') ? 'OFF' : 'ON'\\"}],\\"retrievable\\":true,\\"proactivelyReported\\":true}}]},{\\"endpointId\\":\\"45_rflink_OnOff\\",\\"manufacturerName\\":\\"rflink\\",\\"friendlyName\\":\\"VMC-ALL\\",\\"description\\":\\"Permet l'allumage et l'arret de la VMC\\",\\"displayCategories\\":[\\"SWITCH\\"],\\"cookie\\":{},\\"capabilities\\":[{\\"type\\":\\"AlexaInterface\\",\\"interface\\":\\"Alexa\\",\\"version\\":\\"3\\"},{\\"interface\\":\\"Alexa.PowerController\\",\\"version\\":\\"3\\",\\"type\\":\\"AlexaInterface\\",\\"properties\\":{\\"supported\\":[{\\"name\\":\\"powerState\\",\\"value\\":\\"()=> ('On' === 'Off' || 'On' === 'Closed') ? 'OFF' : 'ON'\\"}],\\"retrievable\\":true,\\"proactivelyReported\\":true}}]},{\\"endpointId\\":\\"46_rflink_OnOff\\",\\"manufacturerName\\":\\"rflink\\",\\"friendlyName\\":\\"PriseConnecte-B\\",\\"description\\":\\"\\",\\"displayCategories\\":[\\"SWITCH\\"],\\"cookie\\":{},\\"capabilities\\":[{\\"type\\":\\"AlexaInterface\\",\\"interface\\":\\"Alexa\\",\\"version\\":\\"3\\"},{\\"interface\\":\\"Alexa.PowerController\\",\\"version\\":\\"3\\",\\"type\\":\\"AlexaInterface\\",\\"properties\\":{\\"supported\\":[{\\"name\\":\\"powerState\\",\\"value\\":\\"()=> ('Off' === 'Off' || 'Off' === 'Closed') ? 'OFF' : 'ON'\\"}],\\"retrievable\\":true,\\"proactivelyReported\\":true}}]},{\\"endpointId\\":\\"99_Fictif_OnOff\\",\\"manufacturerName\\":\\"Fictif\\",\\"friendlyName\\":\\"RADIATEUR-SALON\\",\\"description\\":\\"Radiateur du salon\\",\\"displayCategories\\":[\\"SWITCH\\"],\\"cookie\\":{},\\"capabilities\\":[{\\"type\\":\\"AlexaInterface\\",\\"interface\\":\\"Alexa\\",\\"version\\":\\"3\\"},{\\"interface\\":\\"Alexa.PowerController\\",\\"version\\":\\"3\\",\\"type\\":\\"AlexaInterface\\",\\"properties\\":{\\"supported\\":[{\\"name\\":\\"powerState\\",\\"value\\":\\"()=> ('Off' === 'Off' || 'Off' === 'Closed') ? 'OFF' : 'ON'\\"}],\\"retrievable\\":true,\\"proactivelyReported\\":true}}]},{\\"endpointId\\":\\"100_Fictif_OnOff\\",\\"manufacturerName\\":\\"Fictif\\",\\"friendlyName\\":\\"RADIATEUR-COULOIR\\",\\"description\\":\\"Radiateur Couloir\\",\\"displayCategories\\":[\\"SWITCH\\"],\\"cookie\\":{},\\"capabilities\\":[{\\"type\\":\\"AlexaInterface\\",\\"interface\\":\\"Alexa\\",\\"version\\":\\"3\\"},{\\"interface\\":\\"Alexa.PowerController\\",\\"version\\":\\"3\\",\\"type\\":\\"AlexaInterface\\",\\"properties\\":{\\"supported\\":[{\\"name\\":\\"powerState\\",\\"value\\":\\"()=> ('Off' === 'Off' || 'Off' === 'Closed') ? 'OFF' : 'ON'\\"}],\\"retrievable\\":true,\\"proactivelyReported\\":true}}]},{\\"endpointId\\":\\"104_Fictif_undefined\\",\\"manufacturerName\\":\\"Fictif\\",\\"friendlyName\\":\\"Thermostat-SALON\\",\\"description\\":\\"\\",\\"displayCategories\\":[\\"THERMOSTAT\\"],\\"cookie\\":{},\\"capabilities\\":[{\\"type\\":\\"AlexaInterface\\",\\"interface\\":\\"Alexa\\",\\"version\\":\\"3\\"},{\\"interface\\":\\"Alexa.TemperatureSensor\\",\\"version\\":\\"3\\",\\"type\\":\\"AlexaInterface\\",\\"properties\\":{\\"supported\\":[{\\"name\\":\\"temperature\\",\\"value\\":\\"()=>({value:20.0,scale:'CELSIUS'})\\"}],\\"retrievable\\":true,\\"proactivelyReported\\":false}},{\\"interface\\":\\"Alexa.ThermostatController\\",\\"version\\":\\"3\\",\\"type\\":\\"AlexaInterface\\",\\"properties\\":{\\"supported\\":[{\\"name\\":\\"targetSetpoint\\",\\"value\\":\\"()=>({value:20.0,scale:'CELSIUS'})\\"}],\\"retrievable\\":true,\\"proactivelyReported\\":false}}]},{\\"endpointId\\":\\"105_Fictif_undefined\\",\\"manufacturerName\\":\\"Fictif\\",\\"friendlyName\\":\\"Thermostat-COULOIR\\",\\"description\\":\\"\\",\\"displayCategories\\":[\\"THERMOSTAT\\"],\\"cookie\\":{},\\"capabilities\\":[{\\"type\\":\\"AlexaInterface\\",\\"interface\\":\\"Alexa\\",\\"version\\":\\"3\\"},{\\"interface\\":\\"Alexa.TemperatureSensor\\",\\"version\\":\\"3\\",\\"type\\":\\"AlexaInterface\\",\\"properties\\":{\\"supported\\":[{\\"name\\":\\"temperature\\",\\"value\\":\\"()=>({value:20.0,scale:'CELSIUS'})\\"}],\\"retrievable\\":true,\\"proactivelyReported\\":false}},{\\"interface\\":\\"Alexa.ThermostatController\\",\\"version\\":\\"3\\",\\"type\\":\\"AlexaInterface\\",\\"properties\\":{\\"supported\\":[{\\"name\\":\\"targetSetpoint\\",\\"value\\":\\"()=>({value:20.0,scale:'CELSIUS'})\\"}],\\"retrievable\\":true,\\"proactivelyReported\\":false}}]},{\\"endpointId\\":\\"268_Fictif_Selector\\",\\"manufacturerName\\":\\"Fictif\\",\\"friendlyName\\":\\"RADIATEUR-MODE\\",\\"description\\":\\"\\",\\"displayCategories\\":[\\"LIGHT\\"],\\"cookie\\":{},\\"capabilities\\":[{\\"type\\":\\"AlexaInterface\\",\\"interface\\":\\"Alexa\\",\\"version\\":\\"3\\"},{\\"interface\\":\\"Alexa.PercentageController\\",\\"version\\":\\"3\\",\\"type\\":\\"AlexaInterface\\",\\"properties\\":{\\"supported\\":[{\\"name\\":\\"percentage\\",\\"value\\":\\"10\\"}],\\"retrievable\\":true}},{\\"interface\\":\\"Alexa.PowerController\\",\\"version\\":\\"3\\",\\"type\\":\\"AlexaInterface\\",\\"properties\\":{\\"supported\\":[{\\"name\\":\\"powerState\\",\\"value\\":\\"()=> ('Set Level: 10 %' === 'Off' || 'Set Level: 10 %' === 'Closed') ? 'OFF' : 'ON'\\"}],\\"retrievable\\":true,\\"proactivelyReported\\":true}}]},{\\"endpointId\\":\\"790_Fictif_Selector\\",\\"manufacturerName\\":\\"Fictif\\",\\"friendlyName\\":\\"VMC-MODE\\",\\"description\\":\\"\\",\\"displayCategories\\":[\\"LIGHT\\"],\\"cookie\\":{},\\"capabilities\\":[{\\"type\\":\\"AlexaInterface\\",\\"interface\\":\\"Alexa\\",\\"version\\":\\"3\\"},{\\"interface\\":\\"Alexa.PercentageController\\",\\"version\\":\\"3\\",\\"type\\":\\"AlexaInterface\\",\\"properties\\":{\\"supported\\":[{\\"name\\":\\"percentage\\",\\"value\\":\\"20\\"}],\\"retrievable\\":true}},{\\"interface\\":\\"Alexa.PowerController\\",\\"version\\":\\"3\\",\\"type\\":\\"AlexaInterface\\",\\"properties\\":{\\"supported\\":[{\\"name\\":\\"powerState\\",\\"value\\":\\"()=> ('Set Level: 20 %' === 'Off' || 'Set Level: 20 %' === 'Closed') ? 'OFF' : 'ON'\\"}],\\"retrievable\\":true,\\"proactivelyReported\\":true}}]},{\\"endpointId\\":\\"940_rflink_undefined\\",\\"manufacturerName\\":\\"rflink\\",\\"friendlyName\\":\\"TH-CHAMBREMATHIS\\",\\"description\\":\\"\\",\\"displayCategories\\":[\\"THERMOSTAT\\"],\\"cookie\\":{},\\"capabilities\\":[{\\"type\\":\\"AlexaInterface\\",\\"interface\\":\\"Alexa\\",\\"version\\":\\"3\\"},{\\"interface\\":\\"Alexa.TemperatureSensor\\",\\"version\\":\\"3\\",\\"type\\":\\"AlexaInterface\\",\\"properties\\":{\\"supported\\":[{\\"name\\":\\"temperature\\",\\"value\\":\\"()=>({value:21,scale:'CELSIUS'})\\"}],\\"retrievable\\":true,\\"proactivelyReported\\":false}},{\\"interface\\":\\"Alexa.ThermostatController\\",\\"version\\":\\"3\\",\\"type\\":\\"AlexaInterface\\",\\"properties\\":{\\"supported\\":[{\\"name\\":\\"targetSetpoint\\",\\"value\\":\\"()=>({value:21,scale:'CELSIUS'})\\"}],\\"retrievable\\":true,\\"proactivelyReported\\":false}}]},{\\"endpointId\\":\\"1060_rflink_undefined\\",\\"manufacturerName\\":\\"rflink\\",\\"friendlyName\\":\\"TH-SALLEDEBAIN\\",\\"description\\":\\"\\",\\"displayCategories\\":[\\"THERMOSTAT\\"],\\"cookie\\":{},\\"capabilities\\":[{\\"type\\":\\"AlexaInterface\\",\\"interface\\":\\"Alexa\\",\\"version\\":\\"3\\"},{\\"interface\\":\\"Alexa.TemperatureSensor\\",\\"version\\":\\"3\\",\\"type\\":\\"AlexaInterface\\",\\"properties\\":{\\"supported\\":[{\\"name\\":\\"temperature\\",\\"value\\":\\"()=>({value:22.4,scale:'CELSIUS'})\\"}],\\"retrievable\\":true,\\"proactivelyReported\\":false}},{\\"interface\\":\\"Alexa.ThermostatController\\",\\"version\\":\\"3\\",\\"type\\":\\"AlexaInterface\\",\\"properties\\":{\\"supported\\":[{\\"name\\":\\"targetSetpoint\\",\\"value\\":\\"()=>({value:22.4,scale:'CELSIUS'})\\"}],\\"retrievable\\":true,\\"proactivelyReported\\":false}}]},{\\"endpointId\\":\\"1331_rflink_undefined\\",\\"manufacturerName\\":\\"rflink\\",\\"friendlyName\\":\\"TH-SALON\\",\\"description\\":\\"\\",\\"displayCategories\\":[\\"THERMOSTAT\\"],\\"cookie\\":{},\\"capabilities\\":[{\\"type\\":\\"AlexaInterface\\",\\"interface\\":\\"Alexa\\",\\"version\\":\\"3\\"},{\\"interface\\":\\"Alexa.TemperatureSensor\\",\\"version\\":\\"3\\",\\"type\\":\\"AlexaInterface\\",\\"properties\\":{\\"supported\\":[{\\"name\\":\\"temperature\\",\\"value\\":\\"()=>({value:20.9,scale:'CELSIUS'})\\"}],\\"retrievable\\":true,\\"proactivelyReported\\":false}},{\\"interface\\":\\"Alexa.ThermostatController\\",\\"version\\":\\"3\\",\\"type\\":\\"AlexaInterface\\",\\"properties\\":{\\"supported\\":[{\\"name\\":\\"targetSetpoint\\",\\"value\\":\\"()=>({value:20.9,scale:'CELSIUS'})\\"}],\\"retrievable\\":true,\\"proactivelyReported\\":false}}]}]}}}"`;
