// Jest Snapshot v1, https://goo.gl/fbAQLP

exports[`DISCOVERY TESTING client 9 1`] = `"{\\"event\\":{\\"header\\":{\\"namespace\\":\\"Alexa.Discovery\\",\\"name\\":\\"Discover.Response\\",\\"payloadVersion\\":\\"3\\",\\"messageId\\":\\"abc-123-def-456\\"},\\"payload\\":{\\"endpoints\\":[{\\"endpointId\\":\\"5_undefined_undefined\\",\\"manufacturerName\\":\\"undefined\\",\\"friendlyName\\":\\"lampe bleu\\",\\"description\\":\\"(pas de description)\\",\\"displayCategories\\":[\\"ACTIVITY_TRIGGER\\"],\\"cookie\\":{\\"type\\":\\"scene\\"},\\"capabilities\\":[{\\"type\\":\\"AlexaInterface\\",\\"interface\\":\\"Alexa\\",\\"version\\":\\"3\\"},{\\"interface\\":\\"Alexa.SceneController\\",\\"version\\":\\"3\\",\\"type\\":\\"AlexaInterface\\",\\"properties\\":{\\"supported\\":[]},\\"supportsDeactivation\\":false}]},{\\"endpointId\\":\\"6_undefined_undefined\\",\\"manufacturerName\\":\\"undefined\\",\\"friendlyName\\":\\"lampe blanc 100\\",\\"description\\":\\"(pas de description)\\",\\"displayCategories\\":[\\"ACTIVITY_TRIGGER\\"],\\"cookie\\":{\\"type\\":\\"scene\\"},\\"capabilities\\":[{\\"type\\":\\"AlexaInterface\\",\\"interface\\":\\"Alexa\\",\\"version\\":\\"3\\"},{\\"interface\\":\\"Alexa.SceneController\\",\\"version\\":\\"3\\",\\"type\\":\\"AlexaInterface\\",\\"properties\\":{\\"supported\\":[]},\\"supportsDeactivation\\":false}]},{\\"endpointId\\":\\"7_undefined_undefined\\",\\"manufacturerName\\":\\"undefined\\",\\"friendlyName\\":\\"lampe blanc 25\\",\\"description\\":\\"(pas de description)\\",\\"displayCategories\\":[\\"ACTIVITY_TRIGGER\\"],\\"cookie\\":{\\"type\\":\\"scene\\"},\\"capabilities\\":[{\\"type\\":\\"AlexaInterface\\",\\"interface\\":\\"Alexa\\",\\"version\\":\\"3\\"},{\\"interface\\":\\"Alexa.SceneController\\",\\"version\\":\\"3\\",\\"type\\":\\"AlexaInterface\\",\\"properties\\":{\\"supported\\":[]},\\"supportsDeactivation\\":false}]},{\\"endpointId\\":\\"8_undefined_undefined\\",\\"manufacturerName\\":\\"undefined\\",\\"friendlyName\\":\\"lampe blanc 50\\",\\"description\\":\\"(pas de description)\\",\\"displayCategories\\":[\\"ACTIVITY_TRIGGER\\"],\\"cookie\\":{\\"type\\":\\"scene\\"},\\"capabilities\\":[{\\"type\\":\\"AlexaInterface\\",\\"interface\\":\\"Alexa\\",\\"version\\":\\"3\\"},{\\"interface\\":\\"Alexa.SceneController\\",\\"version\\":\\"3\\",\\"type\\":\\"AlexaInterface\\",\\"properties\\":{\\"supported\\":[]},\\"supportsDeactivation\\":false}]},{\\"endpointId\\":\\"9_undefined_undefined\\",\\"manufacturerName\\":\\"undefined\\",\\"friendlyName\\":\\"lampe blanc 75\\",\\"description\\":\\"(pas de description)\\",\\"displayCategories\\":[\\"ACTIVITY_TRIGGER\\"],\\"cookie\\":{\\"type\\":\\"scene\\"},\\"capabilities\\":[{\\"type\\":\\"AlexaInterface\\",\\"interface\\":\\"Alexa\\",\\"version\\":\\"3\\"},{\\"interface\\":\\"Alexa.SceneController\\",\\"version\\":\\"3\\",\\"type\\":\\"AlexaInterface\\",\\"properties\\":{\\"supported\\":[]},\\"supportsDeactivation\\":false}]},{\\"endpointId\\":\\"10_undefined_undefined\\",\\"manufacturerName\\":\\"undefined\\",\\"friendlyName\\":\\"test\\",\\"description\\":\\"(pas de description)\\",\\"displayCategories\\":[\\"ACTIVITY_TRIGGER\\"],\\"cookie\\":{\\"type\\":\\"scene\\"},\\"capabilities\\":[{\\"type\\":\\"AlexaInterface\\",\\"interface\\":\\"Alexa\\",\\"version\\":\\"3\\"},{\\"interface\\":\\"Alexa.SceneController\\",\\"version\\":\\"3\\",\\"type\\":\\"AlexaInterface\\",\\"properties\\":{\\"supported\\":[]},\\"supportsDeactivation\\":false}]},{\\"endpointId\\":\\"1_gateway_Dimmer\\",\\"manufacturerName\\":\\"gateway\\",\\"friendlyName\\":\\"Xiaomi RGB Gateway\\",\\"description\\":\\"(pas de description)\\",\\"displayCategories\\":[\\"LIGHT\\"],\\"cookie\\":{},\\"capabilities\\":[{\\"type\\":\\"AlexaInterface\\",\\"interface\\":\\"Alexa\\",\\"version\\":\\"3\\"},{\\"interface\\":\\"Alexa.BrightnessController\\",\\"version\\":\\"3\\",\\"type\\":\\"AlexaInterface\\",\\"properties\\":{\\"supported\\":[{\\"name\\":\\"brightness\\",\\"value\\":\\"()=>parseInt(26)\\"}],\\"retrievable\\":true,\\"proactivelyReported\\":true}},{\\"interface\\":\\"Alexa.ColorController\\",\\"version\\":\\"3\\",\\"type\\":\\"AlexaInterface\\",\\"properties\\":{\\"supported\\":[{\\"name\\":\\"color\\",\\"value\\":\\"()=>({'hue': undefined,'saturation': (undefined/100), 'brightness': (26/100)})\\"}],\\"retrievable\\":true,\\"proactivelyReported\\":true}},{\\"interface\\":\\"Alexa.PowerController\\",\\"version\\":\\"3\\",\\"type\\":\\"AlexaInterface\\",\\"properties\\":{\\"supported\\":[{\\"name\\":\\"powerState\\",\\"value\\":\\"()=> ('Off' === 'Off' || 'Off' === 'Closed') ? 'OFF' : 'ON'\\"}],\\"retrievable\\":true,\\"proactivelyReported\\":true}}]},{\\"endpointId\\":\\"5_gateway_Dimmer\\",\\"manufacturerName\\":\\"gateway\\",\\"friendlyName\\":\\"Xiaomi Gateway MP3\\",\\"description\\":\\"(pas de description)\\",\\"displayCategories\\":[\\"LIGHT\\"],\\"cookie\\":{\\"MaxDimLevel\\":\\"100\\"},\\"capabilities\\":[{\\"type\\":\\"AlexaInterface\\",\\"interface\\":\\"Alexa\\",\\"version\\":\\"3\\"},{\\"interface\\":\\"Alexa.PercentageController\\",\\"version\\":\\"3\\",\\"type\\":\\"AlexaInterface\\",\\"properties\\":{\\"supported\\":[{\\"name\\":\\"percentage\\",\\"value\\":\\"100\\"}],\\"retrievable\\":true}},{\\"interface\\":\\"Alexa.PowerController\\",\\"version\\":\\"3\\",\\"type\\":\\"AlexaInterface\\",\\"properties\\":{\\"supported\\":[{\\"name\\":\\"powerState\\",\\"value\\":\\"()=> ('Off' === 'Off' || 'Off' === 'Closed') ? 'OFF' : 'ON'\\"}],\\"retrievable\\":true,\\"proactivelyReported\\":true}}]},{\\"endpointId\\":\\"2_gateway_Selector\\",\\"manufacturerName\\":\\"gateway\\",\\"friendlyName\\":\\"Xiaomi Gateway Alarm Ringtone\\",\\"description\\":\\"(pas de description)\\",\\"displayCategories\\":[\\"LIGHT\\"],\\"cookie\\":{\\"MaxDimLevel\\":\\"100\\"},\\"capabilities\\":[{\\"type\\":\\"AlexaInterface\\",\\"interface\\":\\"Alexa\\",\\"version\\":\\"3\\"},{\\"interface\\":\\"Alexa.PercentageController\\",\\"version\\":\\"3\\",\\"type\\":\\"AlexaInterface\\",\\"properties\\":{\\"supported\\":[{\\"name\\":\\"percentage\\",\\"value\\":\\"0\\"}],\\"retrievable\\":true}},{\\"interface\\":\\"Alexa.PowerController\\",\\"version\\":\\"3\\",\\"type\\":\\"AlexaInterface\\",\\"properties\\":{\\"supported\\":[{\\"name\\":\\"powerState\\",\\"value\\":\\"()=> ('Off' === 'Off' || 'Off' === 'Closed') ? 'OFF' : 'ON'\\"}],\\"retrievable\\":true,\\"proactivelyReported\\":true}}]},{\\"endpointId\\":\\"4_gateway_Selector\\",\\"manufacturerName\\":\\"gateway\\",\\"friendlyName\\":\\"Xiaomi Gateway Doorbell\\",\\"description\\":\\"(pas de description)\\",\\"displayCategories\\":[\\"LIGHT\\"],\\"cookie\\":{\\"MaxDimLevel\\":\\"100\\"},\\"capabilities\\":[{\\"type\\":\\"AlexaInterface\\",\\"interface\\":\\"Alexa\\",\\"version\\":\\"3\\"},{\\"interface\\":\\"Alexa.PercentageController\\",\\"version\\":\\"3\\",\\"type\\":\\"AlexaInterface\\",\\"properties\\":{\\"supported\\":[{\\"name\\":\\"percentage\\",\\"value\\":\\"0\\"}],\\"retrievable\\":true}},{\\"interface\\":\\"Alexa.PowerController\\",\\"version\\":\\"3\\",\\"type\\":\\"AlexaInterface\\",\\"properties\\":{\\"supported\\":[{\\"name\\":\\"powerState\\",\\"value\\":\\"()=> ('Off' === 'Off' || 'Off' === 'Closed') ? 'OFF' : 'ON'\\"}],\\"retrievable\\":true,\\"proactivelyReported\\":true}}]},{\\"endpointId\\":\\"6_gateway_Dimmer\\",\\"manufacturerName\\":\\"gateway\\",\\"friendlyName\\":\\"Xiaomi Gateway Volume\\",\\"description\\":\\"(pas de description)\\",\\"displayCategories\\":[\\"LIGHT\\"],\\"cookie\\":{\\"MaxDimLevel\\":\\"100\\"},\\"capabilities\\":[{\\"type\\":\\"AlexaInterface\\",\\"interface\\":\\"Alexa\\",\\"version\\":\\"3\\"},{\\"interface\\":\\"Alexa.PercentageController\\",\\"version\\":\\"3\\",\\"type\\":\\"AlexaInterface\\",\\"properties\\":{\\"supported\\":[{\\"name\\":\\"percentage\\",\\"value\\":\\"100\\"}],\\"retrievable\\":true}},{\\"interface\\":\\"Alexa.PowerController\\",\\"version\\":\\"3\\",\\"type\\":\\"AlexaInterface\\",\\"properties\\":{\\"supported\\":[{\\"name\\":\\"powerState\\",\\"value\\":\\"()=> ('Off' === 'Off' || 'Off' === 'Closed') ? 'OFF' : 'ON'\\"}],\\"retrievable\\":true,\\"proactivelyReported\\":true}}]},{\\"endpointId\\":\\"11_gateway_Selector\\",\\"manufacturerName\\":\\"gateway\\",\\"friendlyName\\":\\"interrupteur salon\\",\\"description\\":\\"(pas de description)\\",\\"displayCategories\\":[\\"LIGHT\\"],\\"cookie\\":{\\"MaxDimLevel\\":\\"100\\"},\\"capabilities\\":[{\\"type\\":\\"AlexaInterface\\",\\"interface\\":\\"Alexa\\",\\"version\\":\\"3\\"},{\\"interface\\":\\"Alexa.PercentageController\\",\\"version\\":\\"3\\",\\"type\\":\\"AlexaInterface\\",\\"properties\\":{\\"supported\\":[{\\"name\\":\\"percentage\\",\\"value\\":\\"0\\"}],\\"retrievable\\":true}},{\\"interface\\":\\"Alexa.PowerController\\",\\"version\\":\\"3\\",\\"type\\":\\"AlexaInterface\\",\\"properties\\":{\\"supported\\":[{\\"name\\":\\"powerState\\",\\"value\\":\\"()=> ('Off' === 'Off' || 'Off' === 'Closed') ? 'OFF' : 'ON'\\"}],\\"retrievable\\":true,\\"proactivelyReported\\":true}}]},{\\"endpointId\\":\\"27_gateway_Selector\\",\\"manufacturerName\\":\\"gateway\\",\\"friendlyName\\":\\"Interrupteur entree\\",\\"description\\":\\"(pas de description)\\",\\"displayCategories\\":[\\"LIGHT\\"],\\"cookie\\":{\\"MaxDimLevel\\":\\"100\\"},\\"capabilities\\":[{\\"type\\":\\"AlexaInterface\\",\\"interface\\":\\"Alexa\\",\\"version\\":\\"3\\"},{\\"interface\\":\\"Alexa.PercentageController\\",\\"version\\":\\"3\\",\\"type\\":\\"AlexaInterface\\",\\"properties\\":{\\"supported\\":[{\\"name\\":\\"percentage\\",\\"value\\":\\"0\\"}],\\"retrievable\\":true}},{\\"interface\\":\\"Alexa.PowerController\\",\\"version\\":\\"3\\",\\"type\\":\\"AlexaInterface\\",\\"properties\\":{\\"supported\\":[{\\"name\\":\\"powerState\\",\\"value\\":\\"()=> ('Off' === 'Off' || 'Off' === 'Closed') ? 'OFF' : 'ON'\\"}],\\"retrievable\\":true,\\"proactivelyReported\\":true}}]},{\\"endpointId\\":\\"57_gateway_Selector\\",\\"manufacturerName\\":\\"gateway\\",\\"friendlyName\\":\\"bouton poele\\",\\"description\\":\\"(pas de description)\\",\\"displayCategories\\":[\\"LIGHT\\"],\\"cookie\\":{\\"MaxDimLevel\\":\\"100\\"},\\"capabilities\\":[{\\"type\\":\\"AlexaInterface\\",\\"interface\\":\\"Alexa\\",\\"version\\":\\"3\\"},{\\"interface\\":\\"Alexa.PercentageController\\",\\"version\\":\\"3\\",\\"type\\":\\"AlexaInterface\\",\\"properties\\":{\\"supported\\":[{\\"name\\":\\"percentage\\",\\"value\\":\\"0\\"}],\\"retrievable\\":true}},{\\"interface\\":\\"Alexa.PowerController\\",\\"version\\":\\"3\\",\\"type\\":\\"AlexaInterface\\",\\"properties\\":{\\"supported\\":[{\\"name\\":\\"powerState\\",\\"value\\":\\"()=> ('Off' === 'Off' || 'Off' === 'Closed') ? 'OFF' : 'ON'\\"}],\\"retrievable\\":true,\\"proactivelyReported\\":true}}]},{\\"endpointId\\":\\"15_yeelight_Dimmer\\",\\"manufacturerName\\":\\"yeelight\\",\\"friendlyName\\":\\"lampe salon\\",\\"description\\":\\"(pas de description)\\",\\"displayCategories\\":[\\"LIGHT\\"],\\"cookie\\":{},\\"capabilities\\":[{\\"type\\":\\"AlexaInterface\\",\\"interface\\":\\"Alexa\\",\\"version\\":\\"3\\"},{\\"interface\\":\\"Alexa.BrightnessController\\",\\"version\\":\\"3\\",\\"type\\":\\"AlexaInterface\\",\\"properties\\":{\\"supported\\":[{\\"name\\":\\"brightness\\",\\"value\\":\\"()=>parseInt(100)\\"}],\\"retrievable\\":true,\\"proactivelyReported\\":true}},{\\"interface\\":\\"Alexa.ColorController\\",\\"version\\":\\"3\\",\\"type\\":\\"AlexaInterface\\",\\"properties\\":{\\"supported\\":[{\\"name\\":\\"color\\",\\"value\\":\\"()=>({'hue': 234,'saturation': (100/100), 'brightness': (100/100)})\\"}],\\"retrievable\\":true,\\"proactivelyReported\\":true}},{\\"interface\\":\\"Alexa.PowerController\\",\\"version\\":\\"3\\",\\"type\\":\\"AlexaInterface\\",\\"properties\\":{\\"supported\\":[{\\"name\\":\\"powerState\\",\\"value\\":\\"()=> ('On' === 'Off' || 'On' === 'Closed') ? 'OFF' : 'ON'\\"}],\\"retrievable\\":true,\\"proactivelyReported\\":true}}]},{\\"endpointId\\":\\"18_boutonvirtuel_OnOff\\",\\"manufacturerName\\":\\"bouton virtuel\\",\\"friendlyName\\":\\"camera ext\\",\\"description\\":\\"(pas de description)\\",\\"displayCategories\\":[\\"SWITCH\\"],\\"cookie\\":{},\\"capabilities\\":[{\\"type\\":\\"AlexaInterface\\",\\"interface\\":\\"Alexa\\",\\"version\\":\\"3\\"},{\\"interface\\":\\"Alexa.PowerController\\",\\"version\\":\\"3\\",\\"type\\":\\"AlexaInterface\\",\\"properties\\":{\\"supported\\":[{\\"name\\":\\"powerState\\",\\"value\\":\\"()=> ('Off' === 'Off' || 'Off' === 'Closed') ? 'OFF' : 'ON'\\"}],\\"retrievable\\":true,\\"proactivelyReported\\":true}}]},{\\"endpointId\\":\\"20_boutonvirtuel_OnOff\\",\\"manufacturerName\\":\\"bouton virtuel\\",\\"friendlyName\\":\\"camera grange\\",\\"description\\":\\"(pas de description)\\",\\"displayCategories\\":[\\"SWITCH\\"],\\"cookie\\":{},\\"capabilities\\":[{\\"type\\":\\"AlexaInterface\\",\\"interface\\":\\"Alexa\\",\\"version\\":\\"3\\"},{\\"interface\\":\\"Alexa.PowerController\\",\\"version\\":\\"3\\",\\"type\\":\\"AlexaInterface\\",\\"properties\\":{\\"supported\\":[{\\"name\\":\\"powerState\\",\\"value\\":\\"()=> ('Off' === 'Off' || 'Off' === 'Closed') ? 'OFF' : 'ON'\\"}],\\"retrievable\\":true,\\"proactivelyReported\\":true}}]},{\\"endpointId\\":\\"19_boutonvirtuel_OnOff\\",\\"manufacturerName\\":\\"bouton virtuel\\",\\"friendlyName\\":\\"camera salon\\",\\"description\\":\\"(pas de description)\\",\\"displayCategories\\":[\\"SWITCH\\"],\\"cookie\\":{},\\"capabilities\\":[{\\"type\\":\\"AlexaInterface\\",\\"interface\\":\\"Alexa\\",\\"version\\":\\"3\\"},{\\"interface\\":\\"Alexa.PowerController\\",\\"version\\":\\"3\\",\\"type\\":\\"AlexaInterface\\",\\"properties\\":{\\"supported\\":[{\\"name\\":\\"powerState\\",\\"value\\":\\"()=> ('Off' === 'Off' || 'Off' === 'Closed') ? 'OFF' : 'ON'\\"}],\\"retrievable\\":true,\\"proactivelyReported\\":true}}]},{\\"endpointId\\":\\"29_gateway_undefined\\",\\"manufacturerName\\":\\"gateway\\",\\"friendlyName\\":\\"Xiaomi Temperature\\",\\"description\\":\\"(pas de description)\\",\\"displayCategories\\":[\\"TEMPERATURE_SENSOR\\"],\\"cookie\\":{},\\"capabilities\\":[{\\"type\\":\\"AlexaInterface\\",\\"interface\\":\\"Alexa\\",\\"version\\":\\"3\\"},{\\"interface\\":\\"Alexa.TemperatureSensor\\",\\"version\\":\\"3\\",\\"type\\":\\"AlexaInterface\\",\\"properties\\":{\\"supported\\":[{\\"name\\":\\"temperature\\",\\"value\\":\\"()=>({value:21,scale:'CELSIUS'})\\"}],\\"retrievable\\":true,\\"proactivelyReported\\":false}}]},{\\"endpointId\\":\\"32_gateway_undefined\\",\\"manufacturerName\\":\\"gateway\\",\\"friendlyName\\":\\"Température intérieur\\",\\"description\\":\\"(pas de description)\\",\\"displayCategories\\":[\\"TEMPERATURE_SENSOR\\"],\\"cookie\\":{},\\"capabilities\\":[{\\"type\\":\\"AlexaInterface\\",\\"interface\\":\\"Alexa\\",\\"version\\":\\"3\\"},{\\"interface\\":\\"Alexa.TemperatureSensor\\",\\"version\\":\\"3\\",\\"type\\":\\"AlexaInterface\\",\\"properties\\":{\\"supported\\":[{\\"name\\":\\"temperature\\",\\"value\\":\\"()=>({value:21,scale:'CELSIUS'})\\"}],\\"retrievable\\":true,\\"proactivelyReported\\":false}}]},{\\"endpointId\\":\\"33_clezwave_OnOff\\",\\"manufacturerName\\":\\"cle zwave\\",\\"friendlyName\\":\\"detecteur fumee detection\\",\\"description\\":\\"(pas de description)\\",\\"displayCategories\\":[\\"SWITCH\\"],\\"cookie\\":{},\\"capabilities\\":[{\\"type\\":\\"AlexaInterface\\",\\"interface\\":\\"Alexa\\",\\"version\\":\\"3\\"},{\\"interface\\":\\"Alexa.PowerController\\",\\"version\\":\\"3\\",\\"type\\":\\"AlexaInterface\\",\\"properties\\":{\\"supported\\":[{\\"name\\":\\"powerState\\",\\"value\\":\\"()=> ('Off' === 'Off' || 'Off' === 'Closed') ? 'OFF' : 'ON'\\"}],\\"retrievable\\":true,\\"proactivelyReported\\":true}}]},{\\"endpointId\\":\\"36_clezwave_OnOff\\",\\"manufacturerName\\":\\"cle zwave\\",\\"friendlyName\\":\\"detecteur fumee etat\\",\\"description\\":\\"(pas de description)\\",\\"displayCategories\\":[\\"SWITCH\\"],\\"cookie\\":{},\\"capabilities\\":[{\\"type\\":\\"AlexaInterface\\",\\"interface\\":\\"Alexa\\",\\"version\\":\\"3\\"},{\\"interface\\":\\"Alexa.PowerController\\",\\"version\\":\\"3\\",\\"type\\":\\"AlexaInterface\\",\\"properties\\":{\\"supported\\":[{\\"name\\":\\"powerState\\",\\"value\\":\\"()=> ('On' === 'Off' || 'On' === 'Closed') ? 'OFF' : 'ON'\\"}],\\"retrievable\\":true,\\"proactivelyReported\\":true}}]},{\\"endpointId\\":\\"39_boutonvirtuel_OnOff\\",\\"manufacturerName\\":\\"bouton virtuel\\",\\"friendlyName\\":\\"planning semaine\\",\\"description\\":\\"(pas de description)\\",\\"displayCategories\\":[\\"SWITCH\\"],\\"cookie\\":{},\\"capabilities\\":[{\\"type\\":\\"AlexaInterface\\",\\"interface\\":\\"Alexa\\",\\"version\\":\\"3\\"},{\\"interface\\":\\"Alexa.PowerController\\",\\"version\\":\\"3\\",\\"type\\":\\"AlexaInterface\\",\\"properties\\":{\\"supported\\":[{\\"name\\":\\"powerState\\",\\"value\\":\\"()=> ('Off' === 'Off' || 'Off' === 'Closed') ? 'OFF' : 'ON'\\"}],\\"retrievable\\":true,\\"proactivelyReported\\":true}}]},{\\"endpointId\\":\\"40_boutonvirtuel_OnOff\\",\\"manufacturerName\\":\\"bouton virtuel\\",\\"friendlyName\\":\\"planning jfv\\",\\"description\\":\\"(pas de description)\\",\\"displayCategories\\":[\\"SWITCH\\"],\\"cookie\\":{},\\"capabilities\\":[{\\"type\\":\\"AlexaInterface\\",\\"interface\\":\\"Alexa\\",\\"version\\":\\"3\\"},{\\"interface\\":\\"Alexa.PowerController\\",\\"version\\":\\"3\\",\\"type\\":\\"AlexaInterface\\",\\"properties\\":{\\"supported\\":[{\\"name\\":\\"powerState\\",\\"value\\":\\"()=> ('Off' === 'Off' || 'Off' === 'Closed') ? 'OFF' : 'ON'\\"}],\\"retrievable\\":true,\\"proactivelyReported\\":true}}]},{\\"endpointId\\":\\"44_boutonvirtuel_Selector\\",\\"manufacturerName\\":\\"bouton virtuel\\",\\"friendlyName\\":\\"Poele mode\\",\\"description\\":\\"(pas de description)\\",\\"displayCategories\\":[\\"LIGHT\\"],\\"cookie\\":{\\"MaxDimLevel\\":\\"100\\"},\\"capabilities\\":[{\\"type\\":\\"AlexaInterface\\",\\"interface\\":\\"Alexa\\",\\"version\\":\\"3\\"},{\\"interface\\":\\"Alexa.PercentageController\\",\\"version\\":\\"3\\",\\"type\\":\\"AlexaInterface\\",\\"properties\\":{\\"supported\\":[{\\"name\\":\\"percentage\\",\\"value\\":\\"20\\"}],\\"retrievable\\":true}},{\\"interface\\":\\"Alexa.PowerController\\",\\"version\\":\\"3\\",\\"type\\":\\"AlexaInterface\\",\\"properties\\":{\\"supported\\":[{\\"name\\":\\"powerState\\",\\"value\\":\\"()=> ('Set Level: 20 %' === 'Off' || 'Set Level: 20 %' === 'Closed') ? 'OFF' : 'ON'\\"}],\\"retrievable\\":true,\\"proactivelyReported\\":true}}]},{\\"endpointId\\":\\"45_clezwave_OnOff\\",\\"manufacturerName\\":\\"cle zwave\\",\\"friendlyName\\":\\"Poele contact sec\\",\\"description\\":\\"(pas de description)\\",\\"displayCategories\\":[\\"SWITCH\\"],\\"cookie\\":{},\\"capabilities\\":[{\\"type\\":\\"AlexaInterface\\",\\"interface\\":\\"Alexa\\",\\"version\\":\\"3\\"},{\\"interface\\":\\"Alexa.PowerController\\",\\"version\\":\\"3\\",\\"type\\":\\"AlexaInterface\\",\\"properties\\":{\\"supported\\":[{\\"name\\":\\"powerState\\",\\"value\\":\\"()=> ('On' === 'Off' || 'On' === 'Closed') ? 'OFF' : 'ON'\\"}],\\"retrievable\\":true,\\"proactivelyReported\\":true}}]},{\\"endpointId\\":\\"26_boutonvirtuel_OnOff\\",\\"manufacturerName\\":\\"bouton virtuel\\",\\"friendlyName\\":\\"bouton test\\",\\"description\\":\\"(pas de description)\\",\\"displayCategories\\":[\\"SWITCH\\"],\\"cookie\\":{},\\"capabilities\\":[{\\"type\\":\\"AlexaInterface\\",\\"interface\\":\\"Alexa\\",\\"version\\":\\"3\\"},{\\"interface\\":\\"Alexa.PowerController\\",\\"version\\":\\"3\\",\\"type\\":\\"AlexaInterface\\",\\"properties\\":{\\"supported\\":[{\\"name\\":\\"powerState\\",\\"value\\":\\"()=> ('Off' === 'Off' || 'Off' === 'Closed') ? 'OFF' : 'ON'\\"}],\\"retrievable\\":true,\\"proactivelyReported\\":true}}]},{\\"endpointId\\":\\"48_METEO_undefined\\",\\"manufacturerName\\":\\"METEO\\",\\"friendlyName\\":\\"Météo température\\",\\"description\\":\\"(pas de description)\\",\\"displayCategories\\":[\\"TEMPERATURE_SENSOR\\"],\\"cookie\\":{},\\"capabilities\\":[{\\"type\\":\\"AlexaInterface\\",\\"interface\\":\\"Alexa\\",\\"version\\":\\"3\\"},{\\"interface\\":\\"Alexa.TemperatureSensor\\",\\"version\\":\\"3\\",\\"type\\":\\"AlexaInterface\\",\\"properties\\":{\\"supported\\":[{\\"name\\":\\"temperature\\",\\"value\\":\\"()=>({value:2.7,scale:'CELSIUS'})\\"}],\\"retrievable\\":true,\\"proactivelyReported\\":false}}]}]}}}"`;
