// Jest Snapshot v1, https://goo.gl/fbAQLP

exports[`DISCOVERY TESTING client6 1`] = `"{\\"event\\":{\\"header\\":{\\"namespace\\":\\"Alexa.Discovery\\",\\"name\\":\\"Discover.Response\\",\\"payloadVersion\\":\\"3\\",\\"messageId\\":\\"abc-123-def-456\\"},\\"payload\\":{\\"endpoints\\":[{\\"endpointId\\":\\"29_1Wire_undefined\\",\\"manufacturerName\\":\\"1-Wire\\",\\"friendlyName\\":\\"Salon\\",\\"description\\":\\"\\",\\"displayCategories\\":[\\"THERMOSTAT\\"],\\"cookie\\":{},\\"capabilities\\":[{\\"type\\":\\"AlexaInterface\\",\\"interface\\":\\"Alexa\\",\\"version\\":\\"3\\"},{\\"interface\\":\\"Alexa.TemperatureSensor\\",\\"version\\":\\"3\\",\\"type\\":\\"AlexaInterface\\",\\"properties\\":{\\"supported\\":[{\\"name\\":\\"temperature\\",\\"value\\":\\"()=>({value:20.6,scale:'CELSIUS'})\\"}],\\"retrievable\\":true,\\"proactivelyReported\\":false}},{\\"interface\\":\\"Alexa.ThermostatController\\",\\"version\\":\\"3\\",\\"type\\":\\"AlexaInterface\\",\\"properties\\":{\\"supported\\":[{\\"name\\":\\"targetSetpoint\\",\\"value\\":\\"()=>({value:20.6,scale:'CELSIUS'})\\"}],\\"retrievable\\":true,\\"proactivelyReported\\":false}}]},{\\"endpointId\\":\\"31_1Wire_undefined\\",\\"manufacturerName\\":\\"1-Wire\\",\\"friendlyName\\":\\"Hall entrée\\",\\"description\\":\\"\\",\\"displayCategories\\":[\\"THERMOSTAT\\"],\\"cookie\\":{},\\"capabilities\\":[{\\"type\\":\\"AlexaInterface\\",\\"interface\\":\\"Alexa\\",\\"version\\":\\"3\\"},{\\"interface\\":\\"Alexa.TemperatureSensor\\",\\"version\\":\\"3\\",\\"type\\":\\"AlexaInterface\\",\\"properties\\":{\\"supported\\":[{\\"name\\":\\"temperature\\",\\"value\\":\\"()=>({value:21,scale:'CELSIUS'})\\"}],\\"retrievable\\":true,\\"proactivelyReported\\":false}},{\\"interface\\":\\"Alexa.ThermostatController\\",\\"version\\":\\"3\\",\\"type\\":\\"AlexaInterface\\",\\"properties\\":{\\"supported\\":[{\\"name\\":\\"targetSetpoint\\",\\"value\\":\\"()=>({value:21,scale:'CELSIUS'})\\"}],\\"retrievable\\":true,\\"proactivelyReported\\":false}}]},{\\"endpointId\\":\\"589_RFXTRX_undefined\\",\\"manufacturerName\\":\\"RFXTRX\\",\\"friendlyName\\":\\"Salle de bain\\",\\"description\\":\\"Thermomètre C\\",\\"displayCategories\\":[\\"THERMOSTAT\\"],\\"cookie\\":{},\\"capabilities\\":[{\\"type\\":\\"AlexaInterface\\",\\"interface\\":\\"Alexa\\",\\"version\\":\\"3\\"},{\\"interface\\":\\"Alexa.TemperatureSensor\\",\\"version\\":\\"3\\",\\"type\\":\\"AlexaInterface\\",\\"properties\\":{\\"supported\\":[{\\"name\\":\\"temperature\\",\\"value\\":\\"()=>({value:22.4,scale:'CELSIUS'})\\"}],\\"retrievable\\":true,\\"proactivelyReported\\":false}},{\\"interface\\":\\"Alexa.ThermostatController\\",\\"version\\":\\"3\\",\\"type\\":\\"AlexaInterface\\",\\"properties\\":{\\"supported\\":[{\\"name\\":\\"targetSetpoint\\",\\"value\\":\\"()=>({value:22.4,scale:'CELSIUS'})\\"}],\\"retrievable\\":true,\\"proactivelyReported\\":false}}]},{\\"endpointId\\":\\"30_1Wire_undefined\\",\\"manufacturerName\\":\\"1-Wire\\",\\"friendlyName\\":\\"Chambre  Plafond \\",\\"description\\":\\"\\",\\"displayCategories\\":[\\"THERMOSTAT\\"],\\"cookie\\":{},\\"capabilities\\":[{\\"type\\":\\"AlexaInterface\\",\\"interface\\":\\"Alexa\\",\\"version\\":\\"3\\"},{\\"interface\\":\\"Alexa.TemperatureSensor\\",\\"version\\":\\"3\\",\\"type\\":\\"AlexaInterface\\",\\"properties\\":{\\"supported\\":[{\\"name\\":\\"temperature\\",\\"value\\":\\"()=>({value:17.9,scale:'CELSIUS'})\\"}],\\"retrievable\\":true,\\"proactivelyReported\\":false}},{\\"interface\\":\\"Alexa.ThermostatController\\",\\"version\\":\\"3\\",\\"type\\":\\"AlexaInterface\\",\\"properties\\":{\\"supported\\":[{\\"name\\":\\"targetSetpoint\\",\\"value\\":\\"()=>({value:17.9,scale:'CELSIUS'})\\"}],\\"retrievable\\":true,\\"proactivelyReported\\":false}}]},{\\"endpointId\\":\\"710_RFXTRX_undefined\\",\\"manufacturerName\\":\\"RFXTRX\\",\\"friendlyName\\":\\"Chambre\\",\\"description\\":\\"\\",\\"displayCategories\\":[\\"THERMOSTAT\\"],\\"cookie\\":{},\\"capabilities\\":[{\\"type\\":\\"AlexaInterface\\",\\"interface\\":\\"Alexa\\",\\"version\\":\\"3\\"},{\\"interface\\":\\"Alexa.TemperatureSensor\\",\\"version\\":\\"3\\",\\"type\\":\\"AlexaInterface\\",\\"properties\\":{\\"supported\\":[{\\"name\\":\\"temperature\\",\\"value\\":\\"()=>({value:19,scale:'CELSIUS'})\\"}],\\"retrievable\\":true,\\"proactivelyReported\\":false}},{\\"interface\\":\\"Alexa.ThermostatController\\",\\"version\\":\\"3\\",\\"type\\":\\"AlexaInterface\\",\\"properties\\":{\\"supported\\":[{\\"name\\":\\"targetSetpoint\\",\\"value\\":\\"()=>({value:19,scale:'CELSIUS'})\\"}],\\"retrievable\\":true,\\"proactivelyReported\\":false}}]},{\\"endpointId\\":\\"435_RFXTRX_undefined\\",\\"manufacturerName\\":\\"RFXTRX\\",\\"friendlyName\\":\\"Chambre Tom\\",\\"description\\":\\"Thermomètre A\\",\\"displayCategories\\":[\\"THERMOSTAT\\"],\\"cookie\\":{},\\"capabilities\\":[{\\"type\\":\\"AlexaInterface\\",\\"interface\\":\\"Alexa\\",\\"version\\":\\"3\\"},{\\"interface\\":\\"Alexa.TemperatureSensor\\",\\"version\\":\\"3\\",\\"type\\":\\"AlexaInterface\\",\\"properties\\":{\\"supported\\":[{\\"name\\":\\"temperature\\",\\"value\\":\\"()=>({value:17.5,scale:'CELSIUS'})\\"}],\\"retrievable\\":true,\\"proactivelyReported\\":false}},{\\"interface\\":\\"Alexa.ThermostatController\\",\\"version\\":\\"3\\",\\"type\\":\\"AlexaInterface\\",\\"properties\\":{\\"supported\\":[{\\"name\\":\\"targetSetpoint\\",\\"value\\":\\"()=>({value:17.5,scale:'CELSIUS'})\\"}],\\"retrievable\\":true,\\"proactivelyReported\\":false}}]},{\\"endpointId\\":\\"244_1Wire_undefined\\",\\"manufacturerName\\":\\"1-Wire\\",\\"friendlyName\\":\\"Insert\\",\\"description\\":\\"\\",\\"displayCategories\\":[\\"THERMOSTAT\\"],\\"cookie\\":{},\\"capabilities\\":[{\\"type\\":\\"AlexaInterface\\",\\"interface\\":\\"Alexa\\",\\"version\\":\\"3\\"},{\\"interface\\":\\"Alexa.TemperatureSensor\\",\\"version\\":\\"3\\",\\"type\\":\\"AlexaInterface\\",\\"properties\\":{\\"supported\\":[{\\"name\\":\\"temperature\\",\\"value\\":\\"()=>({value:17.5,scale:'CELSIUS'})\\"}],\\"retrievable\\":true,\\"proactivelyReported\\":false}},{\\"interface\\":\\"Alexa.ThermostatController\\",\\"version\\":\\"3\\",\\"type\\":\\"AlexaInterface\\",\\"properties\\":{\\"supported\\":[{\\"name\\":\\"targetSetpoint\\",\\"value\\":\\"()=>({value:17.5,scale:'CELSIUS'})\\"}],\\"retrievable\\":true,\\"proactivelyReported\\":false}}]},{\\"endpointId\\":\\"27_1Wire_undefined\\",\\"manufacturerName\\":\\"1-Wire\\",\\"friendlyName\\":\\"Garage\\",\\"description\\":\\"\\",\\"displayCategories\\":[\\"THERMOSTAT\\"],\\"cookie\\":{},\\"capabilities\\":[{\\"type\\":\\"AlexaInterface\\",\\"interface\\":\\"Alexa\\",\\"version\\":\\"3\\"},{\\"interface\\":\\"Alexa.TemperatureSensor\\",\\"version\\":\\"3\\",\\"type\\":\\"AlexaInterface\\",\\"properties\\":{\\"supported\\":[{\\"name\\":\\"temperature\\",\\"value\\":\\"()=>({value:12.1,scale:'CELSIUS'})\\"}],\\"retrievable\\":true,\\"proactivelyReported\\":false}},{\\"interface\\":\\"Alexa.ThermostatController\\",\\"version\\":\\"3\\",\\"type\\":\\"AlexaInterface\\",\\"properties\\":{\\"supported\\":[{\\"name\\":\\"targetSetpoint\\",\\"value\\":\\"()=>({value:12.1,scale:'CELSIUS'})\\"}],\\"retrievable\\":true,\\"proactivelyReported\\":false}}]},{\\"endpointId\\":\\"28_1Wire_undefined\\",\\"manufacturerName\\":\\"1-Wire\\",\\"friendlyName\\":\\"Combles\\",\\"description\\":\\"\\",\\"displayCategories\\":[\\"THERMOSTAT\\"],\\"cookie\\":{},\\"capabilities\\":[{\\"type\\":\\"AlexaInterface\\",\\"interface\\":\\"Alexa\\",\\"version\\":\\"3\\"},{\\"interface\\":\\"Alexa.TemperatureSensor\\",\\"version\\":\\"3\\",\\"type\\":\\"AlexaInterface\\",\\"properties\\":{\\"supported\\":[{\\"name\\":\\"temperature\\",\\"value\\":\\"()=>({value:8.2,scale:'CELSIUS'})\\"}],\\"retrievable\\":true,\\"proactivelyReported\\":false}},{\\"interface\\":\\"Alexa.ThermostatController\\",\\"version\\":\\"3\\",\\"type\\":\\"AlexaInterface\\",\\"properties\\":{\\"supported\\":[{\\"name\\":\\"targetSetpoint\\",\\"value\\":\\"()=>({value:8.2,scale:'CELSIUS'})\\"}],\\"retrievable\\":true,\\"proactivelyReported\\":false}}]},{\\"endpointId\\":\\"32_1Wire_undefined\\",\\"manufacturerName\\":\\"1-Wire\\",\\"friendlyName\\":\\"Exterieur\\",\\"description\\":\\"\\",\\"displayCategories\\":[\\"THERMOSTAT\\"],\\"cookie\\":{},\\"capabilities\\":[{\\"type\\":\\"AlexaInterface\\",\\"interface\\":\\"Alexa\\",\\"version\\":\\"3\\"},{\\"interface\\":\\"Alexa.TemperatureSensor\\",\\"version\\":\\"3\\",\\"type\\":\\"AlexaInterface\\",\\"properties\\":{\\"supported\\":[{\\"name\\":\\"temperature\\",\\"value\\":\\"()=>({value:9.1,scale:'CELSIUS'})\\"}],\\"retrievable\\":true,\\"proactivelyReported\\":false}},{\\"interface\\":\\"Alexa.ThermostatController\\",\\"version\\":\\"3\\",\\"type\\":\\"AlexaInterface\\",\\"properties\\":{\\"supported\\":[{\\"name\\":\\"targetSetpoint\\",\\"value\\":\\"()=>({value:9.1,scale:'CELSIUS'})\\"}],\\"retrievable\\":true,\\"proactivelyReported\\":false}}]},{\\"endpointId\\":\\"164_Virtual_OnOff\\",\\"manufacturerName\\":\\"Virtual\\",\\"friendlyName\\":\\"Nuit\\",\\"description\\":\\"Entre le couché et le levé du soleil\\",\\"displayCategories\\":[\\"SWITCH\\"],\\"cookie\\":{},\\"capabilities\\":[{\\"type\\":\\"AlexaInterface\\",\\"interface\\":\\"Alexa\\",\\"version\\":\\"3\\"},{\\"interface\\":\\"Alexa.PowerController\\",\\"version\\":\\"3\\",\\"type\\":\\"AlexaInterface\\",\\"properties\\":{\\"supported\\":[{\\"name\\":\\"powerState\\",\\"value\\":\\"()=> ('On' === 'Off' || 'On' === 'Closed') ? 'OFF' : 'ON'\\"}],\\"retrievable\\":true,\\"proactivelyReported\\":true}}]},{\\"endpointId\\":\\"165_Virtual_OnOff\\",\\"manufacturerName\\":\\"Virtual\\",\\"friendlyName\\":\\"Mode dodo\\",\\"description\\":\\"\\",\\"displayCategories\\":[\\"SWITCH\\"],\\"cookie\\":{},\\"capabilities\\":[{\\"type\\":\\"AlexaInterface\\",\\"interface\\":\\"Alexa\\",\\"version\\":\\"3\\"},{\\"interface\\":\\"Alexa.PowerController\\",\\"version\\":\\"3\\",\\"type\\":\\"AlexaInterface\\",\\"properties\\":{\\"supported\\":[{\\"name\\":\\"powerState\\",\\"value\\":\\"()=> ('Off' === 'Off' || 'Off' === 'Closed') ? 'OFF' : 'ON'\\"}],\\"retrievable\\":true,\\"proactivelyReported\\":true}}]},{\\"endpointId\\":\\"465_Virtual_OnOff\\",\\"manufacturerName\\":\\"Virtual\\",\\"friendlyName\\":\\"Motion\\",\\"description\\":\\"\\",\\"displayCategories\\":[\\"SWITCH\\"],\\"cookie\\":{},\\"capabilities\\":[{\\"type\\":\\"AlexaInterface\\",\\"interface\\":\\"Alexa\\",\\"version\\":\\"3\\"},{\\"interface\\":\\"Alexa.PowerController\\",\\"version\\":\\"3\\",\\"type\\":\\"AlexaInterface\\",\\"properties\\":{\\"supported\\":[{\\"name\\":\\"powerState\\",\\"value\\":\\"()=> ('Off' === 'Off' || 'Off' === 'Closed') ? 'OFF' : 'ON'\\"}],\\"retrievable\\":true,\\"proactivelyReported\\":true}}]},{\\"endpointId\\":\\"707_Virtual_OnOff\\",\\"manufacturerName\\":\\"Virtual\\",\\"friendlyName\\":\\"Absence\\",\\"description\\":\\"Indique que personne n'est présent dans la maison\\",\\"displayCategories\\":[\\"SWITCH\\"],\\"cookie\\":{},\\"capabilities\\":[{\\"type\\":\\"AlexaInterface\\",\\"interface\\":\\"Alexa\\",\\"version\\":\\"3\\"},{\\"interface\\":\\"Alexa.PowerController\\",\\"version\\":\\"3\\",\\"type\\":\\"AlexaInterface\\",\\"properties\\":{\\"supported\\":[{\\"name\\":\\"powerState\\",\\"value\\":\\"()=> ('Off' === 'Off' || 'Off' === 'Closed') ? 'OFF' : 'ON'\\"}],\\"retrievable\\":true,\\"proactivelyReported\\":true}}]},{\\"endpointId\\":\\"155_Virtual_OnOff\\",\\"manufacturerName\\":\\"Virtual\\",\\"friendlyName\\":\\"NoMove\\",\\"description\\":\\"Pas de mouvement dans la maison depuis 20 minutes (hors porte du garage).\\\\nRemise a zero sur porte d'entrée ou mouvement\\",\\"displayCategories\\":[\\"SWITCH\\"],\\"cookie\\":{},\\"capabilities\\":[{\\"type\\":\\"AlexaInterface\\",\\"interface\\":\\"Alexa\\",\\"version\\":\\"3\\"},{\\"interface\\":\\"Alexa.PowerController\\",\\"version\\":\\"3\\",\\"type\\":\\"AlexaInterface\\",\\"properties\\":{\\"supported\\":[{\\"name\\":\\"powerState\\",\\"value\\":\\"()=> ('Off' === 'Off' || 'Off' === 'Closed') ? 'OFF' : 'ON'\\"}],\\"retrievable\\":true,\\"proactivelyReported\\":true}}]},{\\"endpointId\\":\\"262_Virtual_OnOff\\",\\"manufacturerName\\":\\"Virtual\\",\\"friendlyName\\":\\"NoMove2\\",\\"description\\":\\"Pas de mouvement dans la maison et porte garage fermée depuis 20minutes.\\\\nRemise a zéro sur mouvement dans la maison\\",\\"displayCategories\\":[\\"SWITCH\\"],\\"cookie\\":{},\\"capabilities\\":[{\\"type\\":\\"AlexaInterface\\",\\"interface\\":\\"Alexa\\",\\"version\\":\\"3\\"},{\\"interface\\":\\"Alexa.PowerController\\",\\"version\\":\\"3\\",\\"type\\":\\"AlexaInterface\\",\\"properties\\":{\\"supported\\":[{\\"name\\":\\"powerState\\",\\"value\\":\\"()=> ('Off' === 'Off' || 'Off' === 'Closed') ? 'OFF' : 'ON'\\"}],\\"retrievable\\":true,\\"proactivelyReported\\":true}}]},{\\"endpointId\\":\\"614_Virtual_OnOff\\",\\"manufacturerName\\":\\"Virtual\\",\\"friendlyName\\":\\"Inter_Beacon_Vert\\",\\"description\\":\\"Stephane\\\\nPile remplacée le 8/11/2017\\",\\"displayCategories\\":[\\"SWITCH\\"],\\"cookie\\":{},\\"capabilities\\":[{\\"type\\":\\"AlexaInterface\\",\\"interface\\":\\"Alexa\\",\\"version\\":\\"3\\"},{\\"interface\\":\\"Alexa.PowerController\\",\\"version\\":\\"3\\",\\"type\\":\\"AlexaInterface\\",\\"properties\\":{\\"supported\\":[{\\"name\\":\\"powerState\\",\\"value\\":\\"()=> ('Off' === 'Off' || 'Off' === 'Closed') ? 'OFF' : 'ON'\\"}],\\"retrievable\\":true,\\"proactivelyReported\\":true}}]},{\\"endpointId\\":\\"617_Virtual_OnOff\\",\\"manufacturerName\\":\\"Virtual\\",\\"friendlyName\\":\\"Inter_Beacon_Rose\\",\\"description\\":\\"Cecile\\\\nPile remplacée le 12/11/2017\\",\\"displayCategories\\":[\\"SWITCH\\"],\\"cookie\\":{},\\"capabilities\\":[{\\"type\\":\\"AlexaInterface\\",\\"interface\\":\\"Alexa\\",\\"version\\":\\"3\\"},{\\"interface\\":\\"Alexa.PowerController\\",\\"version\\":\\"3\\",\\"type\\":\\"AlexaInterface\\",\\"properties\\":{\\"supported\\":[{\\"name\\":\\"powerState\\",\\"value\\":\\"()=> ('Off' === 'Off' || 'Off' === 'Closed') ? 'OFF' : 'ON'\\"}],\\"retrievable\\":true,\\"proactivelyReported\\":true}}]},{\\"endpointId\\":\\"159_TVSamsung_OnOff\\",\\"manufacturerName\\":\\"TVSamsung\\",\\"friendlyName\\":\\"TVSamsung\\",\\"description\\":\\"TV Salon allumée\\",\\"displayCategories\\":[\\"SWITCH\\"],\\"cookie\\":{},\\"capabilities\\":[{\\"type\\":\\"AlexaInterface\\",\\"interface\\":\\"Alexa\\",\\"version\\":\\"3\\"},{\\"interface\\":\\"Alexa.PowerController\\",\\"version\\":\\"3\\",\\"type\\":\\"AlexaInterface\\",\\"properties\\":{\\"supported\\":[{\\"name\\":\\"powerState\\",\\"value\\":\\"()=> ('On' === 'Off' || 'On' === 'Closed') ? 'OFF' : 'ON'\\"}],\\"retrievable\\":true,\\"proactivelyReported\\":true}}]},{\\"endpointId\\":\\"268_ZStickGen5_OnOff\\",\\"manufacturerName\\":\\"Z-Stick Gen5\\",\\"friendlyName\\":\\"Cuisine\\",\\"description\\":\\"Module A voie 1\\",\\"displayCategories\\":[\\"SWITCH\\"],\\"cookie\\":{},\\"capabilities\\":[{\\"type\\":\\"AlexaInterface\\",\\"interface\\":\\"Alexa\\",\\"version\\":\\"3\\"},{\\"interface\\":\\"Alexa.PowerController\\",\\"version\\":\\"3\\",\\"type\\":\\"AlexaInterface\\",\\"properties\\":{\\"supported\\":[{\\"name\\":\\"powerState\\",\\"value\\":\\"()=> ('Off' === 'Off' || 'Off' === 'Closed') ? 'OFF' : 'ON'\\"}],\\"retrievable\\":true,\\"proactivelyReported\\":true}}]},{\\"endpointId\\":\\"269_ZStickGen5_OnOff\\",\\"manufacturerName\\":\\"Z-Stick Gen5\\",\\"friendlyName\\":\\"Évier\\",\\"description\\":\\"Module A voie 2\\",\\"displayCategories\\":[\\"SWITCH\\"],\\"cookie\\":{},\\"capabilities\\":[{\\"type\\":\\"AlexaInterface\\",\\"interface\\":\\"Alexa\\",\\"version\\":\\"3\\"},{\\"interface\\":\\"Alexa.PowerController\\",\\"version\\":\\"3\\",\\"type\\":\\"AlexaInterface\\",\\"properties\\":{\\"supported\\":[{\\"name\\":\\"powerState\\",\\"value\\":\\"()=> ('On' === 'Off' || 'On' === 'Closed') ? 'OFF' : 'ON'\\"}],\\"retrievable\\":true,\\"proactivelyReported\\":true}}]},{\\"endpointId\\":\\"271_ZStickGen5_Dimmer\\",\\"manufacturerName\\":\\"Z-Stick Gen5\\",\\"friendlyName\\":\\"Salon\\",\\"description\\":\\"Dimmer\\",\\"displayCategories\\":[\\"LIGHT\\"],\\"cookie\\":{\\"MaxDimLevel\\":\\"100\\"},\\"capabilities\\":[{\\"type\\":\\"AlexaInterface\\",\\"interface\\":\\"Alexa\\",\\"version\\":\\"3\\"},{\\"interface\\":\\"Alexa.PercentageController\\",\\"version\\":\\"3\\",\\"type\\":\\"AlexaInterface\\",\\"properties\\":{\\"supported\\":[{\\"name\\":\\"percentage\\",\\"value\\":\\"100\\"}],\\"retrievable\\":true}},{\\"interface\\":\\"Alexa.PowerController\\",\\"version\\":\\"3\\",\\"type\\":\\"AlexaInterface\\",\\"properties\\":{\\"supported\\":[{\\"name\\":\\"powerState\\",\\"value\\":\\"()=> ('On' === 'Off' || 'On' === 'Closed') ? 'OFF' : 'ON'\\"}],\\"retrievable\\":true,\\"proactivelyReported\\":true}}]},{\\"endpointId\\":\\"735_MilightV6_Dimmer\\",\\"manufacturerName\\":\\"Milight V6\\",\\"friendlyName\\":\\"Niche\\",\\"description\\":\\"\\",\\"displayCategories\\":[\\"LIGHT\\"],\\"cookie\\":{},\\"capabilities\\":[{\\"type\\":\\"AlexaInterface\\",\\"interface\\":\\"Alexa\\",\\"version\\":\\"3\\"},{\\"interface\\":\\"Alexa.BrightnessController\\",\\"version\\":\\"3\\",\\"type\\":\\"AlexaInterface\\",\\"properties\\":{\\"supported\\":[{\\"name\\":\\"brightness\\",\\"value\\":\\"()=>parseInt(100)\\"}],\\"retrievable\\":true,\\"proactivelyReported\\":true}},{\\"interface\\":\\"Alexa.ColorController\\",\\"version\\":\\"3\\",\\"type\\":\\"AlexaInterface\\",\\"properties\\":{\\"supported\\":[{\\"name\\":\\"color\\",\\"value\\":\\"()=>({'hue': 0,'saturation': (0/100), 'brightness': (100/100)})\\"}],\\"retrievable\\":true,\\"proactivelyReported\\":true}},{\\"interface\\":\\"Alexa.PowerController\\",\\"version\\":\\"3\\",\\"type\\":\\"AlexaInterface\\",\\"properties\\":{\\"supported\\":[{\\"name\\":\\"powerState\\",\\"value\\":\\"()=> ('Off' === 'Off' || 'Off' === 'Closed') ? 'OFF' : 'ON'\\"}],\\"retrievable\\":true,\\"proactivelyReported\\":true}}]},{\\"endpointId\\":\\"467_ZStickGen5_OnOff\\",\\"manufacturerName\\":\\"Z-Stick Gen5\\",\\"friendlyName\\":\\"Salle a manger\\",\\"description\\":\\"Module B voie 1\\",\\"displayCategories\\":[\\"SWITCH\\"],\\"cookie\\":{},\\"capabilities\\":[{\\"type\\":\\"AlexaInterface\\",\\"interface\\":\\"Alexa\\",\\"version\\":\\"3\\"},{\\"interface\\":\\"Alexa.PowerController\\",\\"version\\":\\"3\\",\\"type\\":\\"AlexaInterface\\",\\"properties\\":{\\"supported\\":[{\\"name\\":\\"powerState\\",\\"value\\":\\"()=> ('Off' === 'Off' || 'Off' === 'Closed') ? 'OFF' : 'ON'\\"}],\\"retrievable\\":true,\\"proactivelyReported\\":true}}]},{\\"endpointId\\":\\"393_Virtual_OnOff\\",\\"manufacturerName\\":\\"Virtual\\",\\"friendlyName\\":\\"Lampadaire Salon\\",\\"description\\":\\"Code télécommande : 11111 \\\\nBP_A_ON\\\\nPB_A_Off\\",\\"displayCategories\\":[\\"SWITCH\\"],\\"cookie\\":{},\\"capabilities\\":[{\\"type\\":\\"AlexaInterface\\",\\"interface\\":\\"Alexa\\",\\"version\\":\\"3\\"},{\\"interface\\":\\"Alexa.PowerController\\",\\"version\\":\\"3\\",\\"type\\":\\"AlexaInterface\\",\\"properties\\":{\\"supported\\":[{\\"name\\":\\"powerState\\",\\"value\\":\\"()=> ('On' === 'Off' || 'On' === 'Closed') ? 'OFF' : 'ON'\\"}],\\"retrievable\\":true,\\"proactivelyReported\\":true}}]},{\\"endpointId\\":\\"430_ZStickGen5_OnOff\\",\\"manufacturerName\\":\\"Z-Stick Gen5\\",\\"friendlyName\\":\\"Terrasse\\",\\"description\\":\\"Module C voie 1\\",\\"displayCategories\\":[\\"SWITCH\\"],\\"cookie\\":{},\\"capabilities\\":[{\\"type\\":\\"AlexaInterface\\",\\"interface\\":\\"Alexa\\",\\"version\\":\\"3\\"},{\\"interface\\":\\"Alexa.PowerController\\",\\"version\\":\\"3\\",\\"type\\":\\"AlexaInterface\\",\\"properties\\":{\\"supported\\":[{\\"name\\":\\"powerState\\",\\"value\\":\\"()=> ('Off' === 'Off' || 'Off' === 'Closed') ? 'OFF' : 'ON'\\"}],\\"retrievable\\":true,\\"proactivelyReported\\":true}}]},{\\"endpointId\\":\\"458_Virtual_OnOff\\",\\"manufacturerName\\":\\"Virtual\\",\\"friendlyName\\":\\"Radiateur Chambre\\",\\"description\\":\\"Réglages :\\\\nLa Nuit(HC)=17.5°C < marche > 18°C \\\\nLe jour(HP)=16°C <marche > 16.8°C(Insert <45°C)\\\\nSi fenêtre chambre fermée et P Max 3kW\\",\\"displayCategories\\":[\\"SWITCH\\"],\\"cookie\\":{},\\"capabilities\\":[{\\"type\\":\\"AlexaInterface\\",\\"interface\\":\\"Alexa\\",\\"version\\":\\"3\\"},{\\"interface\\":\\"Alexa.PowerController\\",\\"version\\":\\"3\\",\\"type\\":\\"AlexaInterface\\",\\"properties\\":{\\"supported\\":[{\\"name\\":\\"powerState\\",\\"value\\":\\"()=> ('Off' === 'Off' || 'Off' === 'Closed') ? 'OFF' : 'ON'\\"}],\\"retrievable\\":true,\\"proactivelyReported\\":true}}]},{\\"endpointId\\":\\"366_Virtual_OnOff\\",\\"manufacturerName\\":\\"Virtual\\",\\"friendlyName\\":\\"Ventilateur Insert\\",\\"description\\":\\"Ventilateur insert\\\\nMode automatique : 95/90°C\\\\nCode télécommande :11111 \\\\nBP_C_ON\\\\nPB_C_Off\\",\\"displayCategories\\":[\\"SWITCH\\"],\\"cookie\\":{},\\"capabilities\\":[{\\"type\\":\\"AlexaInterface\\",\\"interface\\":\\"Alexa\\",\\"version\\":\\"3\\"},{\\"interface\\":\\"Alexa.PowerController\\",\\"version\\":\\"3\\",\\"type\\":\\"AlexaInterface\\",\\"properties\\":{\\"supported\\":[{\\"name\\":\\"powerState\\",\\"value\\":\\"()=> ('Off' === 'Off' || 'Off' === 'Closed') ? 'OFF' : 'ON'\\"}],\\"retrievable\\":true,\\"proactivelyReported\\":true}}]},{\\"endpointId\\":\\"705_Virtual_OnOff\\",\\"manufacturerName\\":\\"Virtual\\",\\"friendlyName\\":\\"VMC_Eco\\",\\"description\\":\\"VMC en vitesse mini (Mode Eco)\\\\nCode télécommande : 11110\\\\nBP_A_ON\\\\nPB_A_Off\\",\\"displayCategories\\":[\\"SWITCH\\"],\\"cookie\\":{},\\"capabilities\\":[{\\"type\\":\\"AlexaInterface\\",\\"interface\\":\\"Alexa\\",\\"version\\":\\"3\\"},{\\"interface\\":\\"Alexa.PowerController\\",\\"version\\":\\"3\\",\\"type\\":\\"AlexaInterface\\",\\"properties\\":{\\"supported\\":[{\\"name\\":\\"powerState\\",\\"value\\":\\"()=> ('Off' === 'Off' || 'Off' === 'Closed') ? 'OFF' : 'ON'\\"}],\\"retrievable\\":true,\\"proactivelyReported\\":true}}]},{\\"endpointId\\":\\"405_Milight_Dimmer\\",\\"manufacturerName\\":\\"Milight\\",\\"friendlyName\\":\\"LED Alarme\\",\\"description\\":\\"\\",\\"displayCategories\\":[\\"LIGHT\\"],\\"cookie\\":{},\\"capabilities\\":[{\\"type\\":\\"AlexaInterface\\",\\"interface\\":\\"Alexa\\",\\"version\\":\\"3\\"},{\\"interface\\":\\"Alexa.BrightnessController\\",\\"version\\":\\"3\\",\\"type\\":\\"AlexaInterface\\",\\"properties\\":{\\"supported\\":[{\\"name\\":\\"brightness\\",\\"value\\":\\"()=>parseInt(69)\\"}],\\"retrievable\\":true,\\"proactivelyReported\\":true}},{\\"interface\\":\\"Alexa.ColorController\\",\\"version\\":\\"3\\",\\"type\\":\\"AlexaInterface\\",\\"properties\\":{\\"supported\\":[{\\"name\\":\\"color\\",\\"value\\":\\"()=>({'hue': 140,'saturation': (100/100), 'brightness': (69/100)})\\"}],\\"retrievable\\":true,\\"proactivelyReported\\":true}},{\\"interface\\":\\"Alexa.PowerController\\",\\"version\\":\\"3\\",\\"type\\":\\"AlexaInterface\\",\\"properties\\":{\\"supported\\":[{\\"name\\":\\"powerState\\",\\"value\\":\\"()=> ('Off' === 'Off' || 'Off' === 'Closed') ? 'OFF' : 'ON'\\"}],\\"retrievable\\":true,\\"proactivelyReported\\":true}}]},{\\"endpointId\\":\\"157_Virtual_OnOff\\",\\"manufacturerName\\":\\"Virtual\\",\\"friendlyName\\":\\"HC  EDF \\",\\"description\\":\\"\\",\\"displayCategories\\":[\\"SWITCH\\"],\\"cookie\\":{},\\"capabilities\\":[{\\"type\\":\\"AlexaInterface\\",\\"interface\\":\\"Alexa\\",\\"version\\":\\"3\\"},{\\"interface\\":\\"Alexa.PowerController\\",\\"version\\":\\"3\\",\\"type\\":\\"AlexaInterface\\",\\"properties\\":{\\"supported\\":[{\\"name\\":\\"powerState\\",\\"value\\":\\"()=> ('Off' === 'Off' || 'Off' === 'Closed') ? 'OFF' : 'ON'\\"}],\\"retrievable\\":true,\\"proactivelyReported\\":true}}]},{\\"endpointId\\":\\"475_Virtual_OnOff\\",\\"manufacturerName\\":\\"Virtual\\",\\"friendlyName\\":\\"ALARME\\",\\"description\\":\\"\\",\\"displayCategories\\":[\\"SWITCH\\"],\\"cookie\\":{},\\"capabilities\\":[{\\"type\\":\\"AlexaInterface\\",\\"interface\\":\\"Alexa\\",\\"version\\":\\"3\\"},{\\"interface\\":\\"Alexa.PowerController\\",\\"version\\":\\"3\\",\\"type\\":\\"AlexaInterface\\",\\"properties\\":{\\"supported\\":[{\\"name\\":\\"powerState\\",\\"value\\":\\"()=> ('Off' === 'Off' || 'Off' === 'Closed') ? 'OFF' : 'ON'\\"}],\\"retrievable\\":true,\\"proactivelyReported\\":true}}]},{\\"endpointId\\":\\"334_Virtual_OnOff\\",\\"manufacturerName\\":\\"Virtual\\",\\"friendlyName\\":\\"Mode Vacances\\",\\"description\\":\\"A activer pendant les vacances.\\\\nPermet d'activer ou de désactiver les options \\\\\\"réveils\\\\\\"\\",\\"displayCategories\\":[\\"SWITCH\\"],\\"cookie\\":{},\\"capabilities\\":[{\\"type\\":\\"AlexaInterface\\",\\"interface\\":\\"Alexa\\",\\"version\\":\\"3\\"},{\\"interface\\":\\"Alexa.PowerController\\",\\"version\\":\\"3\\",\\"type\\":\\"AlexaInterface\\",\\"properties\\":{\\"supported\\":[{\\"name\\":\\"powerState\\",\\"value\\":\\"()=> ('Off' === 'Off' || 'Off' === 'Closed') ? 'OFF' : 'ON'\\"}],\\"retrievable\\":true,\\"proactivelyReported\\":true}}]},{\\"endpointId\\":\\"452_Virtual_OnOff\\",\\"manufacturerName\\":\\"Virtual\\",\\"friendlyName\\":\\"PC4\\",\\"description\\":\\"MiniC\\\\nCode télécommande : 11111 \\\\nBP_D_ON\\\\nPB_D_Off\\",\\"displayCategories\\":[\\"SWITCH\\"],\\"cookie\\":{},\\"capabilities\\":[{\\"type\\":\\"AlexaInterface\\",\\"interface\\":\\"Alexa\\",\\"version\\":\\"3\\"},{\\"interface\\":\\"Alexa.PowerController\\",\\"version\\":\\"3\\",\\"type\\":\\"AlexaInterface\\",\\"properties\\":{\\"supported\\":[{\\"name\\":\\"powerState\\",\\"value\\":\\"()=> ('Off' === 'Off' || 'Off' === 'Closed') ? 'OFF' : 'ON'\\"}],\\"retrievable\\":true,\\"proactivelyReported\\":true}}]},{\\"endpointId\\":\\"453_Virtual_OnOff\\",\\"manufacturerName\\":\\"Virtual\\",\\"friendlyName\\":\\"Tue-mouche\\",\\"description\\":\\"Code télécommande : 11111 \\\\nBP_B_ON\\\\nPB_B_Off\\",\\"displayCategories\\":[\\"SWITCH\\"],\\"cookie\\":{},\\"capabilities\\":[{\\"type\\":\\"AlexaInterface\\",\\"interface\\":\\"Alexa\\",\\"version\\":\\"3\\"},{\\"interface\\":\\"Alexa.PowerController\\",\\"version\\":\\"3\\",\\"type\\":\\"AlexaInterface\\",\\"properties\\":{\\"supported\\":[{\\"name\\":\\"powerState\\",\\"value\\":\\"()=> ('Off' === 'Off' || 'Off' === 'Closed') ? 'OFF' : 'ON'\\"}],\\"retrievable\\":true,\\"proactivelyReported\\":true}}]},{\\"endpointId\\":\\"736_MilightV6_OnOff\\",\\"manufacturerName\\":\\"Milight V6\\",\\"friendlyName\\":\\"Placard\\",\\"description\\":\\"\\",\\"displayCategories\\":[\\"LIGHT\\"],\\"cookie\\":{},\\"capabilities\\":[{\\"type\\":\\"AlexaInterface\\",\\"interface\\":\\"Alexa\\",\\"version\\":\\"3\\"},{\\"interface\\":\\"Alexa.BrightnessController\\",\\"version\\":\\"3\\",\\"type\\":\\"AlexaInterface\\",\\"properties\\":{\\"supported\\":[{\\"name\\":\\"brightness\\",\\"value\\":\\"()=>parseInt(0)\\"}],\\"retrievable\\":true,\\"proactivelyReported\\":true}},{\\"interface\\":\\"Alexa.ColorController\\",\\"version\\":\\"3\\",\\"type\\":\\"AlexaInterface\\",\\"properties\\":{\\"supported\\":[{\\"name\\":\\"color\\",\\"value\\":\\"()=>({'hue': undefined,'saturation': (undefined/100), 'brightness': (0/100)})\\"}],\\"retrievable\\":true,\\"proactivelyReported\\":true}},{\\"interface\\":\\"Alexa.PowerController\\",\\"version\\":\\"3\\",\\"type\\":\\"AlexaInterface\\",\\"properties\\":{\\"supported\\":[{\\"name\\":\\"powerState\\",\\"value\\":\\"()=> ('Off' === 'Off' || 'Off' === 'Closed') ? 'OFF' : 'ON'\\"}],\\"retrievable\\":true,\\"proactivelyReported\\":true}}]},{\\"endpointId\\":\\"152_Raspberry_undefined\\",\\"manufacturerName\\":\\"Raspberry\\",\\"friendlyName\\":\\"CPU_Usage\\",\\"description\\":\\"\\",\\"displayCategories\\":[\\"LIGHT\\"],\\"cookie\\":{},\\"capabilities\\":[{\\"type\\":\\"AlexaInterface\\",\\"interface\\":\\"Alexa\\",\\"version\\":\\"3\\"},{\\"interface\\":\\"Alexa.PercentageController\\",\\"version\\":\\"3\\",\\"type\\":\\"AlexaInterface\\",\\"properties\\":{\\"supported\\":[{\\"name\\":\\"percentage\\",\\"value\\":\\"()=>parseInt('3.48%')\\"}],\\"retrievable\\":true}}]},{\\"endpointId\\":\\"146_Raspberry_undefined\\",\\"manufacturerName\\":\\"Raspberry\\",\\"friendlyName\\":\\"Memory Usage\\",\\"description\\":\\"\\",\\"displayCategories\\":[\\"LIGHT\\"],\\"cookie\\":{},\\"capabilities\\":[{\\"type\\":\\"AlexaInterface\\",\\"interface\\":\\"Alexa\\",\\"version\\":\\"3\\"},{\\"interface\\":\\"Alexa.PercentageController\\",\\"version\\":\\"3\\",\\"type\\":\\"AlexaInterface\\",\\"properties\\":{\\"supported\\":[{\\"name\\":\\"percentage\\",\\"value\\":\\"()=>parseInt('17.87%')\\"}],\\"retrievable\\":true}}]},{\\"endpointId\\":\\"150_Raspberry_undefined\\",\\"manufacturerName\\":\\"Raspberry\\",\\"friendlyName\\":\\"HDD  \\",\\"description\\":\\"\\",\\"displayCategories\\":[\\"LIGHT\\"],\\"cookie\\":{},\\"capabilities\\":[{\\"type\\":\\"AlexaInterface\\",\\"interface\\":\\"Alexa\\",\\"version\\":\\"3\\"},{\\"interface\\":\\"Alexa.PercentageController\\",\\"version\\":\\"3\\",\\"type\\":\\"AlexaInterface\\",\\"properties\\":{\\"supported\\":[{\\"name\\":\\"percentage\\",\\"value\\":\\"()=>parseInt('65.81%')\\"}],\\"retrievable\\":true}}]},{\\"endpointId\\":\\"151_Raspberry_undefined\\",\\"manufacturerName\\":\\"Raspberry\\",\\"friendlyName\\":\\"Internal Temperature\\",\\"description\\":\\"\\",\\"displayCategories\\":[\\"THERMOSTAT\\"],\\"cookie\\":{},\\"capabilities\\":[{\\"type\\":\\"AlexaInterface\\",\\"interface\\":\\"Alexa\\",\\"version\\":\\"3\\"},{\\"interface\\":\\"Alexa.TemperatureSensor\\",\\"version\\":\\"3\\",\\"type\\":\\"AlexaInterface\\",\\"properties\\":{\\"supported\\":[{\\"name\\":\\"temperature\\",\\"value\\":\\"()=>({value:41.2,scale:'CELSIUS'})\\"}],\\"retrievable\\":true,\\"proactivelyReported\\":false}},{\\"interface\\":\\"Alexa.ThermostatController\\",\\"version\\":\\"3\\",\\"type\\":\\"AlexaInterface\\",\\"properties\\":{\\"supported\\":[{\\"name\\":\\"targetSetpoint\\",\\"value\\":\\"()=>({value:41.2,scale:'CELSIUS'})\\"}],\\"retrievable\\":true,\\"proactivelyReported\\":false}}]},{\\"endpointId\\":\\"480_Virtual_OnOff\\",\\"manufacturerName\\":\\"Virtual\\",\\"friendlyName\\":\\"Police LED\\",\\"description\\":\\"Donc un chmod +x mon_script.py résout le problème\\\\nRegarder dans /opt\\",\\"displayCategories\\":[\\"SWITCH\\"],\\"cookie\\":{},\\"capabilities\\":[{\\"type\\":\\"AlexaInterface\\",\\"interface\\":\\"Alexa\\",\\"version\\":\\"3\\"},{\\"interface\\":\\"Alexa.PowerController\\",\\"version\\":\\"3\\",\\"type\\":\\"AlexaInterface\\",\\"properties\\":{\\"supported\\":[{\\"name\\":\\"powerState\\",\\"value\\":\\"()=> ('Off' === 'Off' || 'Off' === 'Closed') ? 'OFF' : 'ON'\\"}],\\"retrievable\\":true,\\"proactivelyReported\\":true}}]},{\\"endpointId\\":\\"570_Virtual_OnOff\\",\\"manufacturerName\\":\\"Virtual\\",\\"friendlyName\\":\\"Test Debit\\",\\"description\\":\\"\\",\\"displayCategories\\":[\\"SWITCH\\"],\\"cookie\\":{},\\"capabilities\\":[{\\"type\\":\\"AlexaInterface\\",\\"interface\\":\\"Alexa\\",\\"version\\":\\"3\\"},{\\"interface\\":\\"Alexa.PowerController\\",\\"version\\":\\"3\\",\\"type\\":\\"AlexaInterface\\",\\"properties\\":{\\"supported\\":[{\\"name\\":\\"powerState\\",\\"value\\":\\"()=> ('Off' === 'Off' || 'Off' === 'Closed') ? 'OFF' : 'ON'\\"}],\\"retrievable\\":true,\\"proactivelyReported\\":true}}]},{\\"endpointId\\":\\"341_Virtual_OnOff\\",\\"manufacturerName\\":\\"Virtual\\",\\"friendlyName\\":\\"Backup Domoticz sur le NAS\\",\\"description\\":\\"Pour lancer un Backup complet sur le NAS\\",\\"displayCategories\\":[\\"SWITCH\\"],\\"cookie\\":{},\\"capabilities\\":[{\\"type\\":\\"AlexaInterface\\",\\"interface\\":\\"Alexa\\",\\"version\\":\\"3\\"},{\\"interface\\":\\"Alexa.PowerController\\",\\"version\\":\\"3\\",\\"type\\":\\"AlexaInterface\\",\\"properties\\":{\\"supported\\":[{\\"name\\":\\"powerState\\",\\"value\\":\\"()=> ('Off' === 'Off' || 'Off' === 'Closed') ? 'OFF' : 'ON'\\"}],\\"retrievable\\":true,\\"proactivelyReported\\":true}}]},{\\"endpointId\\":\\"639_Virtual_PushOnButton\\",\\"manufacturerName\\":\\"Virtual\\",\\"friendlyName\\":\\"Reboot Pi\\",\\"description\\":\\"\\",\\"displayCategories\\":[\\"SWITCH\\"],\\"cookie\\":{},\\"capabilities\\":[{\\"type\\":\\"AlexaInterface\\",\\"interface\\":\\"Alexa\\",\\"version\\":\\"3\\"},{\\"interface\\":\\"Alexa.PowerController\\",\\"version\\":\\"3\\",\\"type\\":\\"AlexaInterface\\",\\"properties\\":{\\"supported\\":[{\\"name\\":\\"powerState\\",\\"value\\":\\"()=> ('On' === 'Off' || 'On' === 'Closed') ? 'OFF' : 'ON'\\"}],\\"retrievable\\":true,\\"proactivelyReported\\":true}}]},{\\"endpointId\\":\\"616_Virtual_OnOff\\",\\"manufacturerName\\":\\"Virtual\\",\\"friendlyName\\":\\"Inter_Beacon_Blanc\\",\\"description\\":\\"\\",\\"displayCategories\\":[\\"SWITCH\\"],\\"cookie\\":{},\\"capabilities\\":[{\\"type\\":\\"AlexaInterface\\",\\"interface\\":\\"Alexa\\",\\"version\\":\\"3\\"},{\\"interface\\":\\"Alexa.PowerController\\",\\"version\\":\\"3\\",\\"type\\":\\"AlexaInterface\\",\\"properties\\":{\\"supported\\":[{\\"name\\":\\"powerState\\",\\"value\\":\\"()=> ('Off' === 'Off' || 'Off' === 'Closed') ? 'OFF' : 'ON'\\"}],\\"retrievable\\":true,\\"proactivelyReported\\":true}}]},{\\"endpointId\\":\\"615_Virtual_OnOff\\",\\"manufacturerName\\":\\"Virtual\\",\\"friendlyName\\":\\"Inter_Beacon_Noir\\",\\"description\\":\\"\\",\\"displayCategories\\":[\\"SWITCH\\"],\\"cookie\\":{},\\"capabilities\\":[{\\"type\\":\\"AlexaInterface\\",\\"interface\\":\\"Alexa\\",\\"version\\":\\"3\\"},{\\"interface\\":\\"Alexa.PowerController\\",\\"version\\":\\"3\\",\\"type\\":\\"AlexaInterface\\",\\"properties\\":{\\"supported\\":[{\\"name\\":\\"powerState\\",\\"value\\":\\"()=> ('Off' === 'Off' || 'Off' === 'Closed') ? 'OFF' : 'ON'\\"}],\\"retrievable\\":true,\\"proactivelyReported\\":true}}]},{\\"endpointId\\":\\"697_ZStickGen5_undefined\\",\\"manufacturerName\\":\\"Z-Stick Gen5\\",\\"friendlyName\\":\\"Temp FGMS001\\",\\"description\\":\\"\\",\\"displayCategories\\":[\\"THERMOSTAT\\"],\\"cookie\\":{},\\"capabilities\\":[{\\"type\\":\\"AlexaInterface\\",\\"interface\\":\\"Alexa\\",\\"version\\":\\"3\\"},{\\"interface\\":\\"Alexa.TemperatureSensor\\",\\"version\\":\\"3\\",\\"type\\":\\"AlexaInterface\\",\\"properties\\":{\\"supported\\":[{\\"name\\":\\"temperature\\",\\"value\\":\\"()=>({value:21.7,scale:'CELSIUS'})\\"}],\\"retrievable\\":true,\\"proactivelyReported\\":false}},{\\"interface\\":\\"Alexa.ThermostatController\\",\\"version\\":\\"3\\",\\"type\\":\\"AlexaInterface\\",\\"properties\\":{\\"supported\\":[{\\"name\\":\\"targetSetpoint\\",\\"value\\":\\"()=>({value:21.7,scale:'CELSIUS'})\\"}],\\"retrievable\\":true,\\"proactivelyReported\\":false}}]},{\\"endpointId\\":\\"709_Virtual_OnOff\\",\\"manufacturerName\\":\\"Virtual\\",\\"friendlyName\\":\\"Test\\",\\"description\\":\\"script:///home/pi/domoticz/scripts/Blink_Salon.py\\",\\"displayCategories\\":[\\"SWITCH\\"],\\"cookie\\":{},\\"capabilities\\":[{\\"type\\":\\"AlexaInterface\\",\\"interface\\":\\"Alexa\\",\\"version\\":\\"3\\"},{\\"interface\\":\\"Alexa.PowerController\\",\\"version\\":\\"3\\",\\"type\\":\\"AlexaInterface\\",\\"properties\\":{\\"supported\\":[{\\"name\\":\\"powerState\\",\\"value\\":\\"()=> ('Off' === 'Off' || 'Off' === 'Closed') ? 'OFF' : 'ON'\\"}],\\"retrievable\\":true,\\"proactivelyReported\\":true}}]},{\\"endpointId\\":\\"754_Virtual_OnOff\\",\\"manufacturerName\\":\\"Virtual\\",\\"friendlyName\\":\\"Télé\\",\\"description\\":\\"https://api.pilot.patrickferreira.com/#FIELD1/#SUBJECT/#MESSAGE\\",\\"displayCategories\\":[\\"SWITCH\\"],\\"cookie\\":{},\\"capabilities\\":[{\\"type\\":\\"AlexaInterface\\",\\"interface\\":\\"Alexa\\",\\"version\\":\\"3\\"},{\\"interface\\":\\"Alexa.PowerController\\",\\"version\\":\\"3\\",\\"type\\":\\"AlexaInterface\\",\\"properties\\":{\\"supported\\":[{\\"name\\":\\"powerState\\",\\"value\\":\\"()=> ('Off' === 'Off' || 'Off' === 'Closed') ? 'OFF' : 'ON'\\"}],\\"retrievable\\":true,\\"proactivelyReported\\":true}}]},{\\"endpointId\\":\\"755_Virtual_Selector\\",\\"manufacturerName\\":\\"Virtual\\",\\"friendlyName\\":\\"Télévision\\",\\"description\\":\\"\\",\\"displayCategories\\":[\\"LIGHT\\"],\\"cookie\\":{\\"MaxDimLevel\\":\\"100\\"},\\"capabilities\\":[{\\"type\\":\\"AlexaInterface\\",\\"interface\\":\\"Alexa\\",\\"version\\":\\"3\\"},{\\"interface\\":\\"Alexa.PercentageController\\",\\"version\\":\\"3\\",\\"type\\":\\"AlexaInterface\\",\\"properties\\":{\\"supported\\":[{\\"name\\":\\"percentage\\",\\"value\\":\\"0\\"}],\\"retrievable\\":true}},{\\"interface\\":\\"Alexa.PowerController\\",\\"version\\":\\"3\\",\\"type\\":\\"AlexaInterface\\",\\"properties\\":{\\"supported\\":[{\\"name\\":\\"powerState\\",\\"value\\":\\"()=> ('Off' === 'Off' || 'Off' === 'Closed') ? 'OFF' : 'ON'\\"}],\\"retrievable\\":true,\\"proactivelyReported\\":true}}]},{\\"endpointId\\":\\"756_Virtual_OnOff\\",\\"manufacturerName\\":\\"Virtual\\",\\"friendlyName\\":\\"Gégé\\",\\"description\\":\\"\\",\\"displayCategories\\":[\\"SWITCH\\"],\\"cookie\\":{},\\"capabilities\\":[{\\"type\\":\\"AlexaInterface\\",\\"interface\\":\\"Alexa\\",\\"version\\":\\"3\\"},{\\"interface\\":\\"Alexa.PowerController\\",\\"version\\":\\"3\\",\\"type\\":\\"AlexaInterface\\",\\"properties\\":{\\"supported\\":[{\\"name\\":\\"powerState\\",\\"value\\":\\"()=> ('Off' === 'Off' || 'Off' === 'Closed') ? 'OFF' : 'ON'\\"}],\\"retrievable\\":true,\\"proactivelyReported\\":true}}]}]}}}"`;
